Archive member included to satisfy reference by file (symbol)

c:/st/stm32cubeide_1.12.1/stm32cubeide/plugins/com.st.stm32cube.ide.mcu.externaltools.gnu-tools-for-stm32.10.3-2021.10.win32_1.0.200.202301161003/tools/bin/../lib/gcc/arm-none-eabi/10.3.1/../../../../arm-none-eabi/lib/thumb/v7e-m+fp/hard\libc_nano.a(lib_a-errno.o)
                              ./Core/Src/syscalls.o (__errno)
c:/st/stm32cubeide_1.12.1/stm32cubeide/plugins/com.st.stm32cube.ide.mcu.externaltools.gnu-tools-for-stm32.10.3-2021.10.win32_1.0.200.202301161003/tools/bin/../lib/gcc/arm-none-eabi/10.3.1/../../../../arm-none-eabi/lib/thumb/v7e-m+fp/hard\libc_nano.a(lib_a-exit.o)
                              c:/st/stm32cubeide_1.12.1/stm32cubeide/plugins/com.st.stm32cube.ide.mcu.externaltools.gnu-tools-for-stm32.10.3-2021.10.win32_1.0.200.202301161003/tools/bin/../lib/gcc/arm-none-eabi/10.3.1/../../../../arm-none-eabi/lib/thumb/v7e-m+fp/hard/crt0.o (exit)
c:/st/stm32cubeide_1.12.1/stm32cubeide/plugins/com.st.stm32cube.ide.mcu.externaltools.gnu-tools-for-stm32.10.3-2021.10.win32_1.0.200.202301161003/tools/bin/../lib/gcc/arm-none-eabi/10.3.1/../../../../arm-none-eabi/lib/thumb/v7e-m+fp/hard\libc_nano.a(lib_a-impure.o)
                              c:/st/stm32cubeide_1.12.1/stm32cubeide/plugins/com.st.stm32cube.ide.mcu.externaltools.gnu-tools-for-stm32.10.3-2021.10.win32_1.0.200.202301161003/tools/bin/../lib/gcc/arm-none-eabi/10.3.1/../../../../arm-none-eabi/lib/thumb/v7e-m+fp/hard\libc_nano.a(lib_a-exit.o) (_global_impure_ptr)
c:/st/stm32cubeide_1.12.1/stm32cubeide/plugins/com.st.stm32cube.ide.mcu.externaltools.gnu-tools-for-stm32.10.3-2021.10.win32_1.0.200.202301161003/tools/bin/../lib/gcc/arm-none-eabi/10.3.1/../../../../arm-none-eabi/lib/thumb/v7e-m+fp/hard\libc_nano.a(lib_a-init.o)
                              c:/st/stm32cubeide_1.12.1/stm32cubeide/plugins/com.st.stm32cube.ide.mcu.externaltools.gnu-tools-for-stm32.10.3-2021.10.win32_1.0.200.202301161003/tools/bin/../lib/gcc/arm-none-eabi/10.3.1/../../../../arm-none-eabi/lib/thumb/v7e-m+fp/hard/crt0.o (__libc_init_array)
c:/st/stm32cubeide_1.12.1/stm32cubeide/plugins/com.st.stm32cube.ide.mcu.externaltools.gnu-tools-for-stm32.10.3-2021.10.win32_1.0.200.202301161003/tools/bin/../lib/gcc/arm-none-eabi/10.3.1/../../../../arm-none-eabi/lib/thumb/v7e-m+fp/hard\libc_nano.a(lib_a-memset.o)
                              c:/st/stm32cubeide_1.12.1/stm32cubeide/plugins/com.st.stm32cube.ide.mcu.externaltools.gnu-tools-for-stm32.10.3-2021.10.win32_1.0.200.202301161003/tools/bin/../lib/gcc/arm-none-eabi/10.3.1/../../../../arm-none-eabi/lib/thumb/v7e-m+fp/hard/crt0.o (memset)
c:/st/stm32cubeide_1.12.1/stm32cubeide/plugins/com.st.stm32cube.ide.mcu.externaltools.gnu-tools-for-stm32.10.3-2021.10.win32_1.0.200.202301161003/tools/bin/../lib/gcc/arm-none-eabi/10.3.1/thumb/v7e-m+fp/hard\libgcc.a(_aeabi_uldivmod.o)
                              ./Drivers/STM32F4xx_HAL_Driver/Src/stm32f4xx_hal_rcc.o (__aeabi_uldivmod)
c:/st/stm32cubeide_1.12.1/stm32cubeide/plugins/com.st.stm32cube.ide.mcu.externaltools.gnu-tools-for-stm32.10.3-2021.10.win32_1.0.200.202301161003/tools/bin/../lib/gcc/arm-none-eabi/10.3.1/thumb/v7e-m+fp/hard\libgcc.a(_udivmoddi4.o)
                              c:/st/stm32cubeide_1.12.1/stm32cubeide/plugins/com.st.stm32cube.ide.mcu.externaltools.gnu-tools-for-stm32.10.3-2021.10.win32_1.0.200.202301161003/tools/bin/../lib/gcc/arm-none-eabi/10.3.1/thumb/v7e-m+fp/hard\libgcc.a(_aeabi_uldivmod.o) (__udivmoddi4)
c:/st/stm32cubeide_1.12.1/stm32cubeide/plugins/com.st.stm32cube.ide.mcu.externaltools.gnu-tools-for-stm32.10.3-2021.10.win32_1.0.200.202301161003/tools/bin/../lib/gcc/arm-none-eabi/10.3.1/thumb/v7e-m+fp/hard\libgcc.a(_dvmd_tls.o)
                              c:/st/stm32cubeide_1.12.1/stm32cubeide/plugins/com.st.stm32cube.ide.mcu.externaltools.gnu-tools-for-stm32.10.3-2021.10.win32_1.0.200.202301161003/tools/bin/../lib/gcc/arm-none-eabi/10.3.1/thumb/v7e-m+fp/hard\libgcc.a(_aeabi_uldivmod.o) (__aeabi_ldiv0)

Discarded input sections

 .text          0x0000000000000000        0x0 c:/st/stm32cubeide_1.12.1/stm32cubeide/plugins/com.st.stm32cube.ide.mcu.externaltools.gnu-tools-for-stm32.10.3-2021.10.win32_1.0.200.202301161003/tools/bin/../lib/gcc/arm-none-eabi/10.3.1/thumb/v7e-m+fp/hard/crti.o
 .data          0x0000000000000000        0x0 c:/st/stm32cubeide_1.12.1/stm32cubeide/plugins/com.st.stm32cube.ide.mcu.externaltools.gnu-tools-for-stm32.10.3-2021.10.win32_1.0.200.202301161003/tools/bin/../lib/gcc/arm-none-eabi/10.3.1/thumb/v7e-m+fp/hard/crti.o
 .bss           0x0000000000000000        0x0 c:/st/stm32cubeide_1.12.1/stm32cubeide/plugins/com.st.stm32cube.ide.mcu.externaltools.gnu-tools-for-stm32.10.3-2021.10.win32_1.0.200.202301161003/tools/bin/../lib/gcc/arm-none-eabi/10.3.1/thumb/v7e-m+fp/hard/crti.o
[...]
Memory Configuration

Name             Origin             Length             Attributes
RAM              0x0000000020000000 0x0000000000020000 xrw
FLASH            0x0000000008000000 0x0000000000080000 xr
*default*        0x0000000000000000 0xffffffffffffffff

Linker script and memory map

LOAD c:/st/stm32cubeide_1.12.1/stm32cubeide/plugins/com.st.stm32cube.ide.mcu.externaltools.gnu-tools-for-stm32.10.3-2021.10.win32_1.0.200.202301161003/tools/bin/../lib/gcc/arm-none-eabi/10.3.1/thumb/v7e-m+fp/hard/crti.o
LOAD c:/st/stm32cubeide_1.12.1/stm32cubeide/plugins/com.st.stm32cube.ide.mcu.externaltools.gnu-tools-for-stm32.10.3-2021.10.win32_1.0.200.202301161003/tools/bin/../lib/gcc/arm-none-eabi/10.3.1/thumb/v7e-m+fp/hard/crtbegin.o
LOAD c:/st/stm32cubeide_1.12.1/stm32cubeide/plugins/com.st.stm32cube.ide.mcu.externaltools.gnu-tools-for-stm32.10.3-2021.10.win32_1.0.200.202301161003/tools/bin/../lib/gcc/arm-none-eabi/10.3.1/../../../../arm-none-eabi/lib/thumb/v7e-m+fp/hard/crt0.o
LOAD ./Core/Src/main.o
LOAD ./Core/Src/stm32f4xx_hal_msp.o
LOAD ./Core/Src/stm32f4xx_it.o
LOAD ./Core/Src/syscalls.o
LOAD ./Core/Src/sysmem.o
LOAD ./Core/Src/system_stm32f4xx.o
LOAD ./Core/Startup/startup_stm32f411ceux.o
LOAD ./Drivers/STM32F4xx_HAL_Driver/Src/stm32f4xx_hal.o
LOAD ./Drivers/STM32F4xx_HAL_Driver/Src/stm32f4xx_hal_cortex.o
LOAD ./Drivers/STM32F4xx_HAL_Driver/Src/stm32f4xx_hal_dma.o
LOAD ./Drivers/STM32F4xx_HAL_Driver/Src/stm32f4xx_hal_dma_ex.o
LOAD ./Drivers/STM32F4xx_HAL_Driver/Src/stm32f4xx_hal_exti.o
LOAD ./Drivers/STM32F4xx_HAL_Driver/Src/stm32f4xx_hal_flash.o
LOAD ./Drivers/STM32F4xx_HAL_Driver/Src/stm32f4xx_hal_flash_ex.o
LOAD ./Drivers/STM32F4xx_HAL_Driver/Src/stm32f4xx_hal_flash_ramfunc.o
LOAD ./Drivers/STM32F4xx_HAL_Driver/Src/stm32f4xx_hal_gpio.o
LOAD ./Drivers/STM32F4xx_HAL_Driver/Src/stm32f4xx_hal_i2c.o
LOAD ./Drivers/STM32F4xx_HAL_Driver/Src/stm32f4xx_hal_i2c_ex.o
LOAD ./Drivers/STM32F4xx_HAL_Driver/Src/stm32f4xx_hal_pcd.o
LOAD ./Drivers/STM32F4xx_HAL_Driver/Src/stm32f4xx_hal_pcd_ex.o
LOAD ./Drivers/STM32F4xx_HAL_Driver/Src/stm32f4xx_hal_pwr.o
LOAD ./Drivers/STM32F4xx_HAL_Driver/Src/stm32f4xx_hal_pwr_ex.o
LOAD ./Drivers/STM32F4xx_HAL_Driver/Src/stm32f4xx_hal_rcc.o
LOAD ./Drivers/STM32F4xx_HAL_Driver/Src/stm32f4xx_hal_rcc_ex.o
LOAD ./Drivers/STM32F4xx_HAL_Driver/Src/stm32f4xx_hal_tim.o
LOAD ./Drivers/STM32F4xx_HAL_Driver/Src/stm32f4xx_hal_tim_ex.o
LOAD ./Drivers/STM32F4xx_HAL_Driver/Src/stm32f4xx_hal_uart.o
LOAD ./Drivers/STM32F4xx_HAL_Driver/Src/stm32f4xx_ll_usb.o
LOAD ./Middlewares/ST/STM32_USB_Device_Library/Class/CDC/Src/usbd_cdc.o
LOAD ./Middlewares/ST/STM32_USB_Device_Library/Core/Src/usbd_core.o
LOAD ./Middlewares/ST/STM32_USB_Device_Library/Core/Src/usbd_ctlreq.o
LOAD ./Middlewares/ST/STM32_USB_Device_Library/Core/Src/usbd_ioreq.o
LOAD ./USB_DEVICE/App/usb_device.o
LOAD ./USB_DEVICE/App/usbd_cdc_if.o
LOAD ./USB_DEVICE/App/usbd_desc.o
LOAD ./USB_DEVICE/Target/usbd_conf.o
START GROUP
LOAD c:/st/stm32cubeide_1.12.1/stm32cubeide/plugins/com.st.stm32cube.ide.mcu.externaltools.gnu-tools-for-stm32.10.3-2021.10.win32_1.0.200.202301161003/tools/bin/../lib/gcc/arm-none-eabi/10.3.1/../../../../arm-none-eabi/lib/thumb/v7e-m+fp/hard\libc_nano.a
LOAD c:/st/stm32cubeide_1.12.1/stm32cubeide/plugins/com.st.stm32cube.ide.mcu.externaltools.gnu-tools-for-stm32.10.3-2021.10.win32_1.0.200.202301161003/tools/bin/../lib/gcc/arm-none-eabi/10.3.1/../../../../arm-none-eabi/lib/thumb/v7e-m+fp/hard\libm.a
END GROUP
START GROUP
LOAD c:/st/stm32cubeide_1.12.1/stm32cubeide/plugins/com.st.stm32cube.ide.mcu.externaltools.gnu-tools-for-stm32.10.3-2021.10.win32_1.0.200.202301161003/tools/bin/../lib/gcc/arm-none-eabi/10.3.1/thumb/v7e-m+fp/hard\libgcc.a
LOAD c:/st/stm32cubeide_1.12.1/stm32cubeide/plugins/com.st.stm32cube.ide.mcu.externaltools.gnu-tools-for-stm32.10.3-2021.10.win32_1.0.200.202301161003/tools/bin/../lib/gcc/arm-none-eabi/10.3.1/../../../../arm-none-eabi/lib/thumb/v7e-m+fp/hard\libc_nano.a
END GROUP
START GROUP
LOAD c:/st/stm32cubeide_1.12.1/stm32cubeide/plugins/com.st.stm32cube.ide.mcu.externaltools.gnu-tools-for-stm32.10.3-2021.10.win32_1.0.200.202301161003/tools/bin/../lib/gcc/arm-none-eabi/10.3.1/thumb/v7e-m+fp/hard\libgcc.a
LOAD c:/st/stm32cubeide_1.12.1/stm32cubeide/plugins/com.st.stm32cube.ide.mcu.externaltools.gnu-tools-for-stm32.10.3-2021.10.win32_1.0.200.202301161003/tools/bin/../lib/gcc/arm-none-eabi/10.3.1/../../../../arm-none-eabi/lib/thumb/v7e-m+fp/hard\libc_nano.a
LOAD c:/st/stm32cubeide_1.12.1/stm32cubeide/plugins/com.st.stm32cube.ide.mcu.externaltools.gnu-tools-for-stm32.10.3-2021.10.win32_1.0.200.202301161003/tools/bin/../lib/gcc/arm-none-eabi/10.3.1/../../../../arm-none-eabi/lib/thumb/v7e-m+fp/hard\libnosys.a
END GROUP
START GROUP
LOAD c:/st/stm32cubeide_1.12.1/stm32cubeide/plugins/com.st.stm32cube.ide.mcu.externaltools.gnu-tools-for-stm32.10.3-2021.10.win32_1.0.200.202301161003/tools/bin/../lib/gcc/arm-none-eabi/10.3.1/thumb/v7e-m+fp/hard\libgcc.a
LOAD c:/st/stm32cubeide_1.12.1/stm32cubeide/plugins/com.st.stm32cube.ide.mcu.externaltools.gnu-tools-for-stm32.10.3-2021.10.win32_1.0.200.202301161003/tools/bin/../lib/gcc/arm-none-eabi/10.3.1/../../../../arm-none-eabi/lib/thumb/v7e-m+fp/hard\libc_nano.a
LOAD c:/st/stm32cubeide_1.12.1/stm32cubeide/plugins/com.st.stm32cube.ide.mcu.externaltools.gnu-tools-for-stm32.10.3-2021.10.win32_1.0.200.202301161003/tools/bin/../lib/gcc/arm-none-eabi/10.3.1/../../../../arm-none-eabi/lib/thumb/v7e-m+fp/hard\libnosys.a
END GROUP
LOAD c:/st/stm32cubeide_1.12.1/stm32cubeide/plugins/com.st.stm32cube.ide.mcu.externaltools.gnu-tools-for-stm32.10.3-2021.10.win32_1.0.200.202301161003/tools/bin/../lib/gcc/arm-none-eabi/10.3.1/thumb/v7e-m+fp/hard/crtend.o
LOAD c:/st/stm32cubeide_1.12.1/stm32cubeide/plugins/com.st.stm32cube.ide.mcu.externaltools.gnu-tools-for-stm32.10.3-2021.10.win32_1.0.200.202301161003/tools/bin/../lib/gcc/arm-none-eabi/10.3.1/thumb/v7e-m+fp/hard/crtn.o
                0x0000000020020000                _estack = (ORIGIN (RAM) + LENGTH (RAM))
                0x0000000000000200                _Min_Heap_Size = 0x200
                0x0000000000000400                _Min_Stack_Size = 0x400

.isr_vector     0x0000000008000000      0x198
                0x0000000008000000                . = ALIGN (0x4)
 *(.isr_vector)
 .isr_vector    0x0000000008000000      0x198 ./Core/Startup/startup_stm32f411ceux.o
                0x0000000008000000                g_pfnVectors
                0x0000000008000198                . = ALIGN (0x4)

.text           0x0000000008000198     0x8c70
                0x0000000008000198                . = ALIGN (0x4)
 *(.text)
 .text          0x0000000008000198       0x40 c:/st/stm32cubeide_1.12.1/stm32cubeide/plugins/com.st.stm32cube.ide.mcu.externaltools.gnu-tools-for-stm32.10.3-2021.10.win32_1.0.200.202301161003/tools/bin/../lib/gcc/arm-none-eabi/10.3.1/thumb/v7e-m+fp/hard/crtbegin.o
 .text          0x00000000080001d8       0x30 c:/st/stm32cubeide_1.12.1/stm32cubeide/plugins/com.st.stm32cube.ide.mcu.externaltools.gnu-tools-for-stm32.10.3-2021.10.win32_1.0.200.202301161003/tools/bin/../lib/gcc/arm-none-eabi/10.3.1/thumb/v7e-m+fp/hard\libgcc.a(_aeabi_uldivmod.o)
                0x00000000080001d8                __aeabi_uldivmod
 .text          0x0000000008000208      0x2d0 c:/st/stm32cubeide_1.12.1/stm32cubeide/plugins/com.st.stm32cube.ide.mcu.externaltools.gnu-tools-for-stm32.10.3-2021.10.win32_1.0.200.202301161003/tools/bin/../lib/gcc/arm-none-eabi/10.3.1/thumb/v7e-m+fp/hard\libgcc.a(_udivmoddi4.o)
                0x0000000008000208                __udivmoddi4
 .text          0x00000000080004d8        0x4 c:/st/stm32cubeide_1.12.1/stm32cubeide/plugins/com.st.stm32cube.ide.mcu.externaltools.gnu-tools-for-stm32.10.3-2021.10.win32_1.0.200.202301161003/tools/bin/../lib/gcc/arm-none-eabi/10.3.1/thumb/v7e-m+fp/hard\libgcc.a(_dvmd_tls.o)
                0x00000000080004d8                __aeabi_idiv0
                0x00000000080004d8                __aeabi_ldiv0
 *(.text*)
 .text.LED_RGB_Init
                0x00000000080004dc       0x2c ./Core/Src/main.o
                0x00000000080004dc                LED_RGB_Init
 .text.LED_RGB_SetIntensity
                0x0000000008000508       0x50 ./Core/Src/main.o
                0x0000000008000508                LED_RGB_SetIntensity
 .text.main     0x0000000008000558       0x6a ./Core/Src/main.o
                0x0000000008000558                main
 *fill*         0x00000000080005c2        0x2 
 .text.SystemClock_Config
                0x00000000080005c4       0xd0 ./Core/Src/main.o
                0x00000000080005c4                SystemClock_Config
 .text.MX_I2C1_Init
                0x0000000008000694       0x5c ./Core/Src/main.o
 .text.MX_TIM1_Init
                0x00000000080006f0      0x140 ./Core/Src/main.o
 .text.MX_TIM2_Init
                0x0000000008000830       0xec ./Core/Src/main.o
 .text.MX_TIM3_Init
                0x000000000800091c       0xec ./Core/Src/main.o
 .text.MX_TIM4_Init
                0x0000000008000a08       0xec ./Core/Src/main.o
 .text.MX_TIM5_Init
                0x0000000008000af4       0xec ./Core/Src/main.o
 .text.MX_TIM9_Init
                0x0000000008000be0       0xc4 ./Core/Src/main.o
 .text.MX_USART1_UART_Init
                0x0000000008000ca4       0x54 ./Core/Src/main.o
 .text.MX_GPIO_Init
                0x0000000008000cf8       0xa4 ./Core/Src/main.o
 .text.Error_Handler
                0x0000000008000d9c        0xa ./Core/Src/main.o
                0x0000000008000d9c                Error_Handler
 *fill*         0x0000000008000da6        0x2 
 .text.HAL_MspInit
                0x0000000008000da8       0x50 ./Core/Src/stm32f4xx_hal_msp.o
                0x0000000008000da8                HAL_MspInit
 .text.HAL_I2C_MspInit
                0x0000000008000df8       0x90 ./Core/Src/stm32f4xx_hal_msp.o
                0x0000000008000df8                HAL_I2C_MspInit
 .text.HAL_TIM_Base_MspInit
                0x0000000008000e88      0x11c ./Core/Src/stm32f4xx_hal_msp.o
                0x0000000008000e88                HAL_TIM_Base_MspInit
 .text.HAL_TIM_MspPostInit
                0x0000000008000fa4      0x1f0 ./Core/Src/stm32f4xx_hal_msp.o
                0x0000000008000fa4                HAL_TIM_MspPostInit
 .text.HAL_UART_MspInit
                0x0000000008001194       0x90 ./Core/Src/stm32f4xx_hal_msp.o
                0x0000000008001194                HAL_UART_MspInit
 .text.NMI_Handler
                0x0000000008001224        0x6 ./Core/Src/stm32f4xx_it.o
                0x0000000008001224                NMI_Handler
 .text.HardFault_Handler
                0x000000000800122a        0x6 ./Core/Src/stm32f4xx_it.o
                0x000000000800122a                HardFault_Handler
 .text.MemManage_Handler
                0x0000000008001230        0x6 ./Core/Src/stm32f4xx_it.o
                0x0000000008001230                MemManage_Handler
 .text.BusFault_Handler
                0x0000000008001236        0x6 ./Core/Src/stm32f4xx_it.o
                0x0000000008001236                BusFault_Handler
 .text.UsageFault_Handler
                0x000000000800123c        0x6 ./Core/Src/stm32f4xx_it.o
                0x000000000800123c                UsageFault_Handler
 .text.SVC_Handler
                0x0000000008001242        0xe ./Core/Src/stm32f4xx_it.o
                0x0000000008001242                SVC_Handler
 .text.DebugMon_Handler
                0x0000000008001250        0xe ./Core/Src/stm32f4xx_it.o
                0x0000000008001250                DebugMon_Handler
 .text.PendSV_Handler
                0x000000000800125e        0xe ./Core/Src/stm32f4xx_it.o
                0x000000000800125e                PendSV_Handler
 .text.SysTick_Handler
                0x000000000800126c        0xc ./Core/Src/stm32f4xx_it.o
                0x000000000800126c                SysTick_Handler
 .text.OTG_FS_IRQHandler
                0x0000000008001278       0x14 ./Core/Src/stm32f4xx_it.o
                0x0000000008001278                OTG_FS_IRQHandler
 .text.SystemInit
                0x000000000800128c       0x24 ./Core/Src/system_stm32f4xx.o
                0x000000000800128c                SystemInit
 .text.Reset_Handler
                0x00000000080012b0       0x50 ./Core/Startup/startup_stm32f411ceux.o
                0x00000000080012b0                Reset_Handler
 .text.Default_Handler
                0x0000000008001300        0x2 ./Core/Startup/startup_stm32f411ceux.o
                0x0000000008001300                RTC_Alarm_IRQHandler
                0x0000000008001300                EXTI2_IRQHandler
                0x0000000008001300                SPI4_IRQHandler
                0x0000000008001300                TIM1_CC_IRQHandler
                0x0000000008001300                DMA2_Stream5_IRQHandler
                0x0000000008001300                DMA1_Stream5_IRQHandler
                0x0000000008001300                PVD_IRQHandler
                0x0000000008001300                SDIO_IRQHandler
                0x0000000008001300                TAMP_STAMP_IRQHandler
                0x0000000008001300                EXTI3_IRQHandler
                0x0000000008001300                TIM1_UP_TIM10_IRQHandler
                0x0000000008001300                I2C3_ER_IRQHandler
                0x0000000008001300                EXTI0_IRQHandler
                0x0000000008001300                I2C2_EV_IRQHandler
                0x0000000008001300                DMA1_Stream2_IRQHandler
                0x0000000008001300                FPU_IRQHandler
                0x0000000008001300                DMA2_Stream2_IRQHandler
                0x0000000008001300                SPI1_IRQHandler
                0x0000000008001300                TIM1_BRK_TIM9_IRQHandler
                0x0000000008001300                DMA2_Stream3_IRQHandler
                0x0000000008001300                USART6_IRQHandler
                0x0000000008001300                DMA2_Stream0_IRQHandler
                0x0000000008001300                TIM4_IRQHandler
                0x0000000008001300                I2C1_EV_IRQHandler
                0x0000000008001300                DMA1_Stream6_IRQHandler
                0x0000000008001300                DMA1_Stream1_IRQHandler
                0x0000000008001300                TIM3_IRQHandler
                0x0000000008001300                RCC_IRQHandler
                0x0000000008001300                Default_Handler
                0x0000000008001300                EXTI15_10_IRQHandler
                0x0000000008001300                ADC_IRQHandler
                0x0000000008001300                DMA1_Stream7_IRQHandler
                0x0000000008001300                SPI5_IRQHandler
                0x0000000008001300                TIM5_IRQHandler
                0x0000000008001300                DMA2_Stream7_IRQHandler
                0x0000000008001300                I2C3_EV_IRQHandler
                0x0000000008001300                EXTI9_5_IRQHandler
                0x0000000008001300                RTC_WKUP_IRQHandler
                0x0000000008001300                SPI2_IRQHandler
                0x0000000008001300                DMA1_Stream0_IRQHandler
                0x0000000008001300                EXTI4_IRQHandler
                0x0000000008001300                WWDG_IRQHandler
                0x0000000008001300                TIM2_IRQHandler
                0x0000000008001300                OTG_FS_WKUP_IRQHandler
                0x0000000008001300                TIM1_TRG_COM_TIM11_IRQHandler
                0x0000000008001300                EXTI1_IRQHandler
                0x0000000008001300                USART2_IRQHandler
                0x0000000008001300                I2C2_ER_IRQHandler
                0x0000000008001300                DMA2_Stream1_IRQHandler
                0x0000000008001300                FLASH_IRQHandler
                0x0000000008001300                DMA2_Stream4_IRQHandler
                0x0000000008001300                USART1_IRQHandler
                0x0000000008001300                SPI3_IRQHandler
                0x0000000008001300                DMA1_Stream4_IRQHandler
                0x0000000008001300                I2C1_ER_IRQHandler
                0x0000000008001300                DMA2_Stream6_IRQHandler
                0x0000000008001300                DMA1_Stream3_IRQHandler
 *fill*         0x0000000008001302        0x2 
 .text.HAL_Init
                0x0000000008001304       0x44 ./Drivers/STM32F4xx_HAL_Driver/Src/stm32f4xx_hal.o
                0x0000000008001304                HAL_Init
 .text.HAL_InitTick
                0x0000000008001348       0x60 ./Drivers/STM32F4xx_HAL_Driver/Src/stm32f4xx_hal.o
                0x0000000008001348                HAL_InitTick
 .text.HAL_IncTick
                0x00000000080013a8       0x28 ./Drivers/STM32F4xx_HAL_Driver/Src/stm32f4xx_hal.o
                0x00000000080013a8                HAL_IncTick
 .text.HAL_GetTick
                0x00000000080013d0       0x18 ./Drivers/STM32F4xx_HAL_Driver/Src/stm32f4xx_hal.o
                0x00000000080013d0                HAL_GetTick
 .text.HAL_Delay
                0x00000000080013e8       0x48 ./Drivers/STM32F4xx_HAL_Driver/Src/stm32f4xx_hal.o
                0x00000000080013e8                HAL_Delay
 .text.__NVIC_SetPriorityGrouping
                0x0000000008001430       0x48 ./Drivers/STM32F4xx_HAL_Driver/Src/stm32f4xx_hal_cortex.o
 .text.__NVIC_GetPriorityGrouping
                0x0000000008001478       0x1c ./Drivers/STM32F4xx_HAL_Driver/Src/stm32f4xx_hal_cortex.o
 .text.__NVIC_EnableIRQ
                0x0000000008001494       0x3c ./Drivers/STM32F4xx_HAL_Driver/Src/stm32f4xx_hal_cortex.o
 .text.__NVIC_SetPriority
                0x00000000080014d0       0x54 ./Drivers/STM32F4xx_HAL_Driver/Src/stm32f4xx_hal_cortex.o
 .text.NVIC_EncodePriority
                0x0000000008001524       0x66 ./Drivers/STM32F4xx_HAL_Driver/Src/stm32f4xx_hal_cortex.o
 *fill*         0x000000000800158a        0x2 
 .text.SysTick_Config
                0x000000000800158c       0x44 ./Drivers/STM32F4xx_HAL_Driver/Src/stm32f4xx_hal_cortex.o
 .text.HAL_NVIC_SetPriorityGrouping
                0x00000000080015d0       0x16 ./Drivers/STM32F4xx_HAL_Driver/Src/stm32f4xx_hal_cortex.o
                0x00000000080015d0                HAL_NVIC_SetPriorityGrouping
 .text.HAL_NVIC_SetPriority
                0x00000000080015e6       0x38 ./Drivers/STM32F4xx_HAL_Driver/Src/stm32f4xx_hal_cortex.o
                0x00000000080015e6                HAL_NVIC_SetPriority
 .text.HAL_NVIC_EnableIRQ
                0x000000000800161e       0x1c ./Drivers/STM32F4xx_HAL_Driver/Src/stm32f4xx_hal_cortex.o
                0x000000000800161e                HAL_NVIC_EnableIRQ
 .text.HAL_SYSTICK_Config
                0x000000000800163a       0x18 ./Drivers/STM32F4xx_HAL_Driver/Src/stm32f4xx_hal_cortex.o
                0x000000000800163a                HAL_SYSTICK_Config
 *fill*         0x0000000008001652        0x2 
 .text.HAL_GPIO_Init
                0x0000000008001654      0x308 ./Drivers/STM32F4xx_HAL_Driver/Src/stm32f4xx_hal_gpio.o
                0x0000000008001654                HAL_GPIO_Init
 .text.HAL_GPIO_WritePin
                0x000000000800195c       0x32 ./Drivers/STM32F4xx_HAL_Driver/Src/stm32f4xx_hal_gpio.o
                0x000000000800195c                HAL_GPIO_WritePin
 *fill*         0x000000000800198e        0x2 
 .text.HAL_I2C_Init
                0x0000000008001990      0x288 ./Drivers/STM32F4xx_HAL_Driver/Src/stm32f4xx_hal_i2c.o
                0x0000000008001990                HAL_I2C_Init
 .text.HAL_PCD_Init
                0x0000000008001c18      0x23a ./Drivers/STM32F4xx_HAL_Driver/Src/stm32f4xx_hal_pcd.o
                0x0000000008001c18                HAL_PCD_Init
 .text.HAL_PCD_Start
                0x0000000008001e52       0x66 ./Drivers/STM32F4xx_HAL_Driver/Src/stm32f4xx_hal_pcd.o
                0x0000000008001e52                HAL_PCD_Start
 .text.HAL_PCD_IRQHandler
                0x0000000008001eb8      0x93e ./Drivers/STM32F4xx_HAL_Driver/Src/stm32f4xx_hal_pcd.o
                0x0000000008001eb8                HAL_PCD_IRQHandler
 .text.HAL_PCD_SetAddress
                0x00000000080027f6       0x4a ./Drivers/STM32F4xx_HAL_Driver/Src/stm32f4xx_hal_pcd.o
                0x00000000080027f6                HAL_PCD_SetAddress
 .text.HAL_PCD_EP_Open
                0x0000000008002840       0xd0 ./Drivers/STM32F4xx_HAL_Driver/Src/stm32f4xx_hal_pcd.o
                0x0000000008002840                HAL_PCD_EP_Open
 .text.HAL_PCD_EP_Close
                0x0000000008002910       0x94 ./Drivers/STM32F4xx_HAL_Driver/Src/stm32f4xx_hal_pcd.o
                0x0000000008002910                HAL_PCD_EP_Close
 .text.HAL_PCD_EP_Receive
                0x00000000080029a4       0x96 ./Drivers/STM32F4xx_HAL_Driver/Src/stm32f4xx_hal_pcd.o
                0x00000000080029a4                HAL_PCD_EP_Receive
 .text.HAL_PCD_EP_GetRxCount
                0x0000000008002a3a       0x30 ./Drivers/STM32F4xx_HAL_Driver/Src/stm32f4xx_hal_pcd.o
                0x0000000008002a3a                HAL_PCD_EP_GetRxCount
 .text.HAL_PCD_EP_Transmit
                0x0000000008002a6a       0x94 ./Drivers/STM32F4xx_HAL_Driver/Src/stm32f4xx_hal_pcd.o
                0x0000000008002a6a                HAL_PCD_EP_Transmit
 .text.HAL_PCD_EP_SetStall
                0x0000000008002afe       0xc8 ./Drivers/STM32F4xx_HAL_Driver/Src/stm32f4xx_hal_pcd.o
                0x0000000008002afe                HAL_PCD_EP_SetStall
 .text.HAL_PCD_EP_ClrStall
                0x0000000008002bc6       0xac ./Drivers/STM32F4xx_HAL_Driver/Src/stm32f4xx_hal_pcd.o
                0x0000000008002bc6                HAL_PCD_EP_ClrStall
 .text.HAL_PCD_EP_Abort
                0x0000000008002c72       0x62 ./Drivers/STM32F4xx_HAL_Driver/Src/stm32f4xx_hal_pcd.o
                0x0000000008002c72                HAL_PCD_EP_Abort
 .text.PCD_WriteEmptyTxFifo
                0x0000000008002cd4      0x11a ./Drivers/STM32F4xx_HAL_Driver/Src/stm32f4xx_hal_pcd.o
 *fill*         0x0000000008002dee        0x2 
 .text.PCD_EP_OutXfrComplete_int
                0x0000000008002df0      0x1d0 ./Drivers/STM32F4xx_HAL_Driver/Src/stm32f4xx_hal_pcd.o
 .text.PCD_EP_OutSetupPacket_int
                0x0000000008002fc0       0x8c ./Drivers/STM32F4xx_HAL_Driver/Src/stm32f4xx_hal_pcd.o
 .text.HAL_PCDEx_SetTxFiFo
                0x000000000800304c       0x8e ./Drivers/STM32F4xx_HAL_Driver/Src/stm32f4xx_hal_pcd_ex.o
                0x000000000800304c                HAL_PCDEx_SetTxFiFo
 .text.HAL_PCDEx_SetRxFiFo
                0x00000000080030da       0x22 ./Drivers/STM32F4xx_HAL_Driver/Src/stm32f4xx_hal_pcd_ex.o
                0x00000000080030da                HAL_PCDEx_SetRxFiFo
 .text.HAL_PCDEx_LPM_Callback
                0x00000000080030fc       0x18 ./Drivers/STM32F4xx_HAL_Driver/Src/stm32f4xx_hal_pcd_ex.o
                0x00000000080030fc                HAL_PCDEx_LPM_Callback
 .text.HAL_RCC_OscConfig
                0x0000000008003114      0x4f0 ./Drivers/STM32F4xx_HAL_Driver/Src/stm32f4xx_hal_rcc.o
                0x0000000008003114                HAL_RCC_OscConfig
 .text.HAL_RCC_ClockConfig
                0x0000000008003604      0x1cc ./Drivers/STM32F4xx_HAL_Driver/Src/stm32f4xx_hal_rcc.o
                0x0000000008003604                HAL_RCC_ClockConfig
 .text.HAL_RCC_GetSysClockFreq
                0x00000000080037d0      0x18c ./Drivers/STM32F4xx_HAL_Driver/Src/stm32f4xx_hal_rcc.o
                0x00000000080037d0                HAL_RCC_GetSysClockFreq
 .text.HAL_RCC_GetHCLKFreq
                0x000000000800395c       0x18 ./Drivers/STM32F4xx_HAL_Driver/Src/stm32f4xx_hal_rcc.o
                0x000000000800395c                HAL_RCC_GetHCLKFreq
 .text.HAL_RCC_GetPCLK1Freq
                0x0000000008003974       0x28 ./Drivers/STM32F4xx_HAL_Driver/Src/stm32f4xx_hal_rcc.o
                0x0000000008003974                HAL_RCC_GetPCLK1Freq
 .text.HAL_RCC_GetPCLK2Freq
                0x000000000800399c       0x28 ./Drivers/STM32F4xx_HAL_Driver/Src/stm32f4xx_hal_rcc.o
                0x000000000800399c                HAL_RCC_GetPCLK2Freq
 .text.HAL_TIM_Base_Init
                0x00000000080039c4       0x9e ./Drivers/STM32F4xx_HAL_Driver/Src/stm32f4xx_hal_tim.o
                0x00000000080039c4                HAL_TIM_Base_Init
 .text.HAL_TIM_PWM_Init
                0x0000000008003a62       0x9e ./Drivers/STM32F4xx_HAL_Driver/Src/stm32f4xx_hal_tim.o
                0x0000000008003a62                HAL_TIM_PWM_Init
 .text.HAL_TIM_PWM_MspInit
                0x0000000008003b00       0x14 ./Drivers/STM32F4xx_HAL_Driver/Src/stm32f4xx_hal_tim.o
                0x0000000008003b00                HAL_TIM_PWM_MspInit
 .text.HAL_TIM_PWM_Start
                0x0000000008003b14      0x160 ./Drivers/STM32F4xx_HAL_Driver/Src/stm32f4xx_hal_tim.o
                0x0000000008003b14                HAL_TIM_PWM_Start
 .text.HAL_TIM_PWM_ConfigChannel
                0x0000000008003c74      0x184 ./Drivers/STM32F4xx_HAL_Driver/Src/stm32f4xx_hal_tim.o
                0x0000000008003c74                HAL_TIM_PWM_ConfigChannel
 .text.HAL_TIM_ConfigClockSource
                0x0000000008003df8      0x18e ./Drivers/STM32F4xx_HAL_Driver/Src/stm32f4xx_hal_tim.o
                0x0000000008003df8                HAL_TIM_ConfigClockSource
 *fill*         0x0000000008003f86        0x2 
 .text.TIM_Base_SetConfig
                0x0000000008003f88      0x100 ./Drivers/STM32F4xx_HAL_Driver/Src/stm32f4xx_hal_tim.o
                0x0000000008003f88                TIM_Base_SetConfig
 .text.TIM_OC1_SetConfig
                0x0000000008004088       0xcc ./Drivers/STM32F4xx_HAL_Driver/Src/stm32f4xx_hal_tim.o
 .text.TIM_OC2_SetConfig
                0x0000000008004154       0xd8 ./Drivers/STM32F4xx_HAL_Driver/Src/stm32f4xx_hal_tim.o
                0x0000000008004154                TIM_OC2_SetConfig
 .text.TIM_OC3_SetConfig
                0x000000000800422c       0xd4 ./Drivers/STM32F4xx_HAL_Driver/Src/stm32f4xx_hal_tim.o
 .text.TIM_OC4_SetConfig
                0x0000000008004300       0xa0 ./Drivers/STM32F4xx_HAL_Driver/Src/stm32f4xx_hal_tim.o
 .text.TIM_TI1_ConfigInputStage
                0x00000000080043a0       0x5e ./Drivers/STM32F4xx_HAL_Driver/Src/stm32f4xx_hal_tim.o
 .text.TIM_TI2_ConfigInputStage
                0x00000000080043fe       0x60 ./Drivers/STM32F4xx_HAL_Driver/Src/stm32f4xx_hal_tim.o
 .text.TIM_ITRx_SetConfig
                0x000000000800445e       0x36 ./Drivers/STM32F4xx_HAL_Driver/Src/stm32f4xx_hal_tim.o
 .text.TIM_ETR_SetConfig
                0x0000000008004494       0x40 ./Drivers/STM32F4xx_HAL_Driver/Src/stm32f4xx_hal_tim.o
                0x0000000008004494                TIM_ETR_SetConfig
 .text.TIM_CCxChannelCmd
                0x00000000080044d4       0x4a ./Drivers/STM32F4xx_HAL_Driver/Src/stm32f4xx_hal_tim.o
                0x00000000080044d4                TIM_CCxChannelCmd
 *fill*         0x000000000800451e        0x2 
 .text.HAL_TIMEx_MasterConfigSynchronization
                0x0000000008004520       0xdc ./Drivers/STM32F4xx_HAL_Driver/Src/stm32f4xx_hal_tim_ex.o
                0x0000000008004520                HAL_TIMEx_MasterConfigSynchronization
 .text.HAL_TIMEx_ConfigBreakDeadTime
                0x00000000080045fc       0xa4 ./Drivers/STM32F4xx_HAL_Driver/Src/stm32f4xx_hal_tim_ex.o
                0x00000000080045fc                HAL_TIMEx_ConfigBreakDeadTime
 .text.HAL_UART_Init
                0x00000000080046a0       0x9a ./Drivers/STM32F4xx_HAL_Driver/Src/stm32f4xx_hal_uart.o
                0x00000000080046a0                HAL_UART_Init
 *fill*         0x000000000800473a        0x2 
 .text.UART_SetConfig
                0x000000000800473c      0x4e8 ./Drivers/STM32F4xx_HAL_Driver/Src/stm32f4xx_hal_uart.o
 .text.USB_CoreInit
                0x0000000008004c24       0xc2 ./Drivers/STM32F4xx_HAL_Driver/Src/stm32f4xx_ll_usb.o
                0x0000000008004c24                USB_CoreInit
 *fill*         0x0000000008004ce6        0x2 
 .text.USB_SetTurnaroundTime
                0x0000000008004ce8      0x144 ./Drivers/STM32F4xx_HAL_Driver/Src/stm32f4xx_ll_usb.o
                0x0000000008004ce8                USB_SetTurnaroundTime
 .text.USB_EnableGlobalInt
                0x0000000008004e2c       0x22 ./Drivers/STM32F4xx_HAL_Driver/Src/stm32f4xx_ll_usb.o
                0x0000000008004e2c                USB_EnableGlobalInt
 .text.USB_DisableGlobalInt
                0x0000000008004e4e       0x22 ./Drivers/STM32F4xx_HAL_Driver/Src/stm32f4xx_ll_usb.o
                0x0000000008004e4e                USB_DisableGlobalInt
 .text.USB_SetCurrentMode
                0x0000000008004e70       0x98 ./Drivers/STM32F4xx_HAL_Driver/Src/stm32f4xx_ll_usb.o
                0x0000000008004e70                USB_SetCurrentMode
 .text.USB_DevInit
                0x0000000008004f08      0x2c8 ./Drivers/STM32F4xx_HAL_Driver/Src/stm32f4xx_ll_usb.o
                0x0000000008004f08                USB_DevInit
 .text.USB_FlushTxFifo
                0x00000000080051d0       0x68 ./Drivers/STM32F4xx_HAL_Driver/Src/stm32f4xx_ll_usb.o
                0x00000000080051d0                USB_FlushTxFifo
 .text.USB_FlushRxFifo
                0x0000000008005238       0x60 ./Drivers/STM32F4xx_HAL_Driver/Src/stm32f4xx_ll_usb.o
                0x0000000008005238                USB_FlushRxFifo
 .text.USB_SetDevSpeed
                0x0000000008005298       0x32 ./Drivers/STM32F4xx_HAL_Driver/Src/stm32f4xx_ll_usb.o
                0x0000000008005298                USB_SetDevSpeed
 .text.USB_GetDevSpeed
                0x00000000080052ca       0x4a ./Drivers/STM32F4xx_HAL_Driver/Src/stm32f4xx_ll_usb.o
                0x00000000080052ca                USB_GetDevSpeed
 .text.USB_ActivateEndpoint
                0x0000000008005314      0x10e ./Drivers/STM32F4xx_HAL_Driver/Src/stm32f4xx_ll_usb.o
                0x0000000008005314                USB_ActivateEndpoint
 *fill*         0x0000000008005422        0x2 
 .text.USB_DeactivateEndpoint
                0x0000000008005424      0x1b8 ./Drivers/STM32F4xx_HAL_Driver/Src/stm32f4xx_ll_usb.o
                0x0000000008005424                USB_DeactivateEndpoint
 .text.USB_EPStartXfer
                0x00000000080055dc      0x490 ./Drivers/STM32F4xx_HAL_Driver/Src/stm32f4xx_ll_usb.o
                0x00000000080055dc                USB_EPStartXfer
 .text.USB_EP0StartXfer
                0x0000000008005a6c      0x2b0 ./Drivers/STM32F4xx_HAL_Driver/Src/stm32f4xx_ll_usb.o
                0x0000000008005a6c                USB_EP0StartXfer
 .text.USB_EPStopXfer
                0x0000000008005d1c      0x154 ./Drivers/STM32F4xx_HAL_Driver/Src/stm32f4xx_ll_usb.o
                0x0000000008005d1c                USB_EPStopXfer
 .text.USB_WritePacket
                0x0000000008005e70       0x7c ./Drivers/STM32F4xx_HAL_Driver/Src/stm32f4xx_ll_usb.o
                0x0000000008005e70                USB_WritePacket
 .text.USB_ReadPacket
                0x0000000008005eec       0xb0 ./Drivers/STM32F4xx_HAL_Driver/Src/stm32f4xx_ll_usb.o
                0x0000000008005eec                USB_ReadPacket
 .text.USB_EPSetStall
                0x0000000008005f9c       0xdc ./Drivers/STM32F4xx_HAL_Driver/Src/stm32f4xx_ll_usb.o
                0x0000000008005f9c                USB_EPSetStall
 .text.USB_EPClearStall
                0x0000000008006078       0xcc ./Drivers/STM32F4xx_HAL_Driver/Src/stm32f4xx_ll_usb.o
                0x0000000008006078                USB_EPClearStall
 .text.USB_SetDevAddress
                0x0000000008006144       0x4c ./Drivers/STM32F4xx_HAL_Driver/Src/stm32f4xx_ll_usb.o
                0x0000000008006144                USB_SetDevAddress
 .text.USB_DevConnect
                0x0000000008006190       0x42 ./Drivers/STM32F4xx_HAL_Driver/Src/stm32f4xx_ll_usb.o
                0x0000000008006190                USB_DevConnect
 .text.USB_DevDisconnect
                0x00000000080061d2       0x42 ./Drivers/STM32F4xx_HAL_Driver/Src/stm32f4xx_ll_usb.o
                0x00000000080061d2                USB_DevDisconnect
 .text.USB_ReadInterrupts
                0x0000000008006214       0x26 ./Drivers/STM32F4xx_HAL_Driver/Src/stm32f4xx_ll_usb.o
                0x0000000008006214                USB_ReadInterrupts
 .text.USB_ReadDevAllOutEpInterrupt
                0x000000000800623a       0x34 ./Drivers/STM32F4xx_HAL_Driver/Src/stm32f4xx_ll_usb.o
                0x000000000800623a                USB_ReadDevAllOutEpInterrupt
 .text.USB_ReadDevAllInEpInterrupt
                0x000000000800626e       0x34 ./Drivers/STM32F4xx_HAL_Driver/Src/stm32f4xx_ll_usb.o
                0x000000000800626e                USB_ReadDevAllInEpInterrupt
 .text.USB_ReadDevOutEPInterrupt
                0x00000000080062a2       0x3c ./Drivers/STM32F4xx_HAL_Driver/Src/stm32f4xx_ll_usb.o
                0x00000000080062a2                USB_ReadDevOutEPInterrupt
 .text.USB_ReadDevInEPInterrupt
                0x00000000080062de       0x5c ./Drivers/STM32F4xx_HAL_Driver/Src/stm32f4xx_ll_usb.o
                0x00000000080062de                USB_ReadDevInEPInterrupt
 .text.USB_GetMode
                0x000000000800633a       0x1c ./Drivers/STM32F4xx_HAL_Driver/Src/stm32f4xx_ll_usb.o
                0x000000000800633a                USB_GetMode
 .text.USB_ActivateSetup
                0x0000000008006356       0x46 ./Drivers/STM32F4xx_HAL_Driver/Src/stm32f4xx_ll_usb.o
                0x0000000008006356                USB_ActivateSetup
 .text.USB_EP0_OutStart
                0x000000000800639c       0xbc ./Drivers/STM32F4xx_HAL_Driver/Src/stm32f4xx_ll_usb.o
                0x000000000800639c                USB_EP0_OutStart
 .text.USB_CoreReset
                0x0000000008006458       0x68 ./Drivers/STM32F4xx_HAL_Driver/Src/stm32f4xx_ll_usb.o
 .text.USBD_CDC_Init
                0x00000000080064c0      0x1f0 ./Middlewares/ST/STM32_USB_Device_Library/Class/CDC/Src/usbd_cdc.o
 .text.USBD_CDC_DeInit
                0x00000000080066b0      0x104 ./Middlewares/ST/STM32_USB_Device_Library/Class/CDC/Src/usbd_cdc.o
 .text.USBD_CDC_Setup
                0x00000000080067b4      0x1b8 ./Middlewares/ST/STM32_USB_Device_Library/Class/CDC/Src/usbd_cdc.o
 .text.USBD_CDC_DataIn
                0x000000000800696c       0xfe ./Middlewares/ST/STM32_USB_Device_Library/Class/CDC/Src/usbd_cdc.o
 .text.USBD_CDC_DataOut
                0x0000000008006a6a       0x70 ./Middlewares/ST/STM32_USB_Device_Library/Class/CDC/Src/usbd_cdc.o
 .text.USBD_CDC_EP0_RxReady
                0x0000000008006ada       0x76 ./Middlewares/ST/STM32_USB_Device_Library/Class/CDC/Src/usbd_cdc.o
 .text.USBD_CDC_GetFSCfgDesc
                0x0000000008006b50       0x70 ./Middlewares/ST/STM32_USB_Device_Library/Class/CDC/Src/usbd_cdc.o
 .text.USBD_CDC_GetHSCfgDesc
                0x0000000008006bc0       0x70 ./Middlewares/ST/STM32_USB_Device_Library/Class/CDC/Src/usbd_cdc.o
 .text.USBD_CDC_GetOtherSpeedCfgDesc
                0x0000000008006c30       0x70 ./Middlewares/ST/STM32_USB_Device_Library/Class/CDC/Src/usbd_cdc.o
 .text.USBD_CDC_GetDeviceQualifierDescriptor
                0x0000000008006ca0       0x20 ./Middlewares/ST/STM32_USB_Device_Library/Class/CDC/Src/usbd_cdc.o
                0x0000000008006ca0                USBD_CDC_GetDeviceQualifierDescriptor
 .text.USBD_CDC_RegisterInterface
                0x0000000008006cc0       0x34 ./Middlewares/ST/STM32_USB_Device_Library/Class/CDC/Src/usbd_cdc.o
                0x0000000008006cc0                USBD_CDC_RegisterInterface
 .text.USBD_CDC_SetTxBuffer
                0x0000000008006cf4       0x44 ./Middlewares/ST/STM32_USB_Device_Library/Class/CDC/Src/usbd_cdc.o
                0x0000000008006cf4                USBD_CDC_SetTxBuffer
 .text.USBD_CDC_SetRxBuffer
                0x0000000008006d38       0x3a ./Middlewares/ST/STM32_USB_Device_Library/Class/CDC/Src/usbd_cdc.o
                0x0000000008006d38                USBD_CDC_SetRxBuffer
 *fill*         0x0000000008006d72        0x2 
 .text.USBD_CDC_ReceivePacket
                0x0000000008006d74       0x6c ./Middlewares/ST/STM32_USB_Device_Library/Class/CDC/Src/usbd_cdc.o
                0x0000000008006d74                USBD_CDC_ReceivePacket
 .text.USBD_Init
                0x0000000008006de0       0x60 ./Middlewares/ST/STM32_USB_Device_Library/Core/Src/usbd_core.o
                0x0000000008006de0                USBD_Init
 .text.USBD_RegisterClass
                0x0000000008006e40       0x6c ./Middlewares/ST/STM32_USB_Device_Library/Core/Src/usbd_core.o
                0x0000000008006e40                USBD_RegisterClass
 .text.USBD_Start
                0x0000000008006eac       0x18 ./Middlewares/ST/STM32_USB_Device_Library/Core/Src/usbd_core.o
                0x0000000008006eac                USBD_Start
 .text.USBD_RunTestMode
                0x0000000008006ec4       0x16 ./Middlewares/ST/STM32_USB_Device_Library/Core/Src/usbd_core.o
                0x0000000008006ec4                USBD_RunTestMode
 .text.USBD_SetClassConfig
                0x0000000008006eda       0x38 ./Middlewares/ST/STM32_USB_Device_Library/Core/Src/usbd_core.o
                0x0000000008006eda                USBD_SetClassConfig
 .text.USBD_ClrClassConfig
                0x0000000008006f12       0x34 ./Middlewares/ST/STM32_USB_Device_Library/Core/Src/usbd_core.o
                0x0000000008006f12                USBD_ClrClassConfig
 .text.USBD_LL_SetupStage
                0x0000000008006f46       0xaa ./Middlewares/ST/STM32_USB_Device_Library/Core/Src/usbd_core.o
                0x0000000008006f46                USBD_LL_SetupStage
 .text.USBD_LL_DataOutStage
                0x0000000008006ff0      0x166 ./Middlewares/ST/STM32_USB_Device_Library/Core/Src/usbd_core.o
                0x0000000008006ff0                USBD_LL_DataOutStage
 .text.USBD_LL_DataInStage
                0x0000000008007156      0x164 ./Middlewares/ST/STM32_USB_Device_Library/Core/Src/usbd_core.o
                0x0000000008007156                USBD_LL_DataInStage
 .text.USBD_LL_Reset
                0x00000000080072ba       0xa4 ./Middlewares/ST/STM32_USB_Device_Library/Core/Src/usbd_core.o
                0x00000000080072ba                USBD_LL_Reset
 .text.USBD_LL_SetSpeed
                0x000000000800735e       0x20 ./Middlewares/ST/STM32_USB_Device_Library/Core/Src/usbd_core.o
                0x000000000800735e                USBD_LL_SetSpeed
 .text.USBD_LL_Suspend
                0x000000000800737e       0x2c ./Middlewares/ST/STM32_USB_Device_Library/Core/Src/usbd_core.o
                0x000000000800737e                USBD_LL_Suspend
 .text.USBD_LL_Resume
                0x00000000080073aa       0x30 ./Middlewares/ST/STM32_USB_Device_Library/Core/Src/usbd_core.o
                0x00000000080073aa                USBD_LL_Resume
 .text.USBD_LL_SOF
                0x00000000080073da       0x40 ./Middlewares/ST/STM32_USB_Device_Library/Core/Src/usbd_core.o
                0x00000000080073da                USBD_LL_SOF
 .text.USBD_LL_IsoINIncomplete
                0x000000000800741a       0x64 ./Middlewares/ST/STM32_USB_Device_Library/Core/Src/usbd_core.o
                0x000000000800741a                USBD_LL_IsoINIncomplete
 .text.USBD_LL_IsoOUTIncomplete
                0x000000000800747e       0x64 ./Middlewares/ST/STM32_USB_Device_Library/Core/Src/usbd_core.o
                0x000000000800747e                USBD_LL_IsoOUTIncomplete
 .text.USBD_LL_DevConnected
                0x00000000080074e2       0x16 ./Middlewares/ST/STM32_USB_Device_Library/Core/Src/usbd_core.o
                0x00000000080074e2                USBD_LL_DevConnected
 .text.USBD_LL_DevDisconnected
                0x00000000080074f8       0x46 ./Middlewares/ST/STM32_USB_Device_Library/Core/Src/usbd_core.o
                0x00000000080074f8                USBD_LL_DevDisconnected
 .text.USBD_CoreFindIF
                0x000000000800753e       0x1a ./Middlewares/ST/STM32_USB_Device_Library/Core/Src/usbd_core.o
                0x000000000800753e                USBD_CoreFindIF
 .text.USBD_CoreFindEP
                0x0000000008007558       0x1a ./Middlewares/ST/STM32_USB_Device_Library/Core/Src/usbd_core.o
                0x0000000008007558                USBD_CoreFindEP
 .text.USBD_GetEpDesc
                0x0000000008007572       0x74 ./Middlewares/ST/STM32_USB_Device_Library/Core/Src/usbd_core.o
                0x0000000008007572                USBD_GetEpDesc
 .text.USBD_GetNextDesc
                0x00000000080075e6       0x3a ./Middlewares/ST/STM32_USB_Device_Library/Core/Src/usbd_core.o
                0x00000000080075e6                USBD_GetNextDesc
 .text.SWAPBYTE
                0x0000000008007620       0x3c ./Middlewares/ST/STM32_USB_Device_Library/Core/Src/usbd_ctlreq.o
 .text.USBD_StdDevReq
                0x000000000800765c       0xe4 ./Middlewares/ST/STM32_USB_Device_Library/Core/Src/usbd_ctlreq.o
                0x000000000800765c                USBD_StdDevReq
 .text.USBD_StdItfReq
                0x0000000008007740       0xd8 ./Middlewares/ST/STM32_USB_Device_Library/Core/Src/usbd_ctlreq.o
                0x0000000008007740                USBD_StdItfReq
 .text.USBD_StdEPReq
                0x0000000008007818      0x33a ./Middlewares/ST/STM32_USB_Device_Library/Core/Src/usbd_ctlreq.o
                0x0000000008007818                USBD_StdEPReq
 *fill*         0x0000000008007b52        0x2 
 .text.USBD_GetDescriptor
                0x0000000008007b54      0x2d4 ./Middlewares/ST/STM32_USB_Device_Library/Core/Src/usbd_ctlreq.o
 .text.USBD_SetAddress
                0x0000000008007e28       0x88 ./Middlewares/ST/STM32_USB_Device_Library/Core/Src/usbd_ctlreq.o
 .text.USBD_SetConfig
                0x0000000008007eb0      0x154 ./Middlewares/ST/STM32_USB_Device_Library/Core/Src/usbd_ctlreq.o
 .text.USBD_GetConfig
                0x0000000008008004       0x6c ./Middlewares/ST/STM32_USB_Device_Library/Core/Src/usbd_ctlreq.o
 .text.USBD_GetStatus
                0x0000000008008070       0x68 ./Middlewares/ST/STM32_USB_Device_Library/Core/Src/usbd_ctlreq.o
 .text.USBD_SetFeature
                0x00000000080080d8       0x52 ./Middlewares/ST/STM32_USB_Device_Library/Core/Src/usbd_ctlreq.o
 .text.USBD_ClrFeature
                0x000000000800812a       0x44 ./Middlewares/ST/STM32_USB_Device_Library/Core/Src/usbd_ctlreq.o
 .text.USBD_ParseSetupRequest
                0x000000000800816e       0x74 ./Middlewares/ST/STM32_USB_Device_Library/Core/Src/usbd_ctlreq.o
                0x000000000800816e                USBD_ParseSetupRequest
 .text.USBD_CtlError
                0x00000000080081e2       0x22 ./Middlewares/ST/STM32_USB_Device_Library/Core/Src/usbd_ctlreq.o
                0x00000000080081e2                USBD_CtlError
 .text.USBD_GetString
                0x0000000008008204       0x8c ./Middlewares/ST/STM32_USB_Device_Library/Core/Src/usbd_ctlreq.o
                0x0000000008008204                USBD_GetString
 .text.USBD_GetLen
                0x0000000008008290       0x34 ./Middlewares/ST/STM32_USB_Device_Library/Core/Src/usbd_ctlreq.o
 .text.USBD_CtlSendData
                0x00000000080082c4       0x36 ./Middlewares/ST/STM32_USB_Device_Library/Core/Src/usbd_ioreq.o
                0x00000000080082c4                USBD_CtlSendData
 .text.USBD_CtlContinueSendData
                0x00000000080082fa       0x22 ./Middlewares/ST/STM32_USB_Device_Library/Core/Src/usbd_ioreq.o
                0x00000000080082fa                USBD_CtlContinueSendData
 .text.USBD_CtlPrepareRx
                0x000000000800831c       0x3a ./Middlewares/ST/STM32_USB_Device_Library/Core/Src/usbd_ioreq.o
                0x000000000800831c                USBD_CtlPrepareRx
 .text.USBD_CtlContinueRx
                0x0000000008008356       0x22 ./Middlewares/ST/STM32_USB_Device_Library/Core/Src/usbd_ioreq.o
                0x0000000008008356                USBD_CtlContinueRx
 .text.USBD_CtlSendStatus
                0x0000000008008378       0x26 ./Middlewares/ST/STM32_USB_Device_Library/Core/Src/usbd_ioreq.o
                0x0000000008008378                USBD_CtlSendStatus
 .text.USBD_CtlReceiveStatus
                0x000000000800839e       0x26 ./Middlewares/ST/STM32_USB_Device_Library/Core/Src/usbd_ioreq.o
                0x000000000800839e                USBD_CtlReceiveStatus
 .text.MX_USB_DEVICE_Init
                0x00000000080083c4       0x60 ./USB_DEVICE/App/usb_device.o
                0x00000000080083c4                MX_USB_DEVICE_Init
 .text.CDC_Init_FS
                0x0000000008008424       0x28 ./USB_DEVICE/App/usbd_cdc_if.o
 .text.CDC_DeInit_FS
                0x000000000800844c       0x10 ./USB_DEVICE/App/usbd_cdc_if.o
 .text.CDC_Control_FS
                0x000000000800845c       0xbc ./USB_DEVICE/App/usbd_cdc_if.o
 .text.CDC_Receive_FS
                0x0000000008008518       0x28 ./USB_DEVICE/App/usbd_cdc_if.o
 .text.CDC_TransmitCplt_FS
                0x0000000008008540       0x22 ./USB_DEVICE/App/usbd_cdc_if.o
 *fill*         0x0000000008008562        0x2 
 .text.USBD_FS_DeviceDescriptor
                0x0000000008008564       0x24 ./USB_DEVICE/App/usbd_desc.o
                0x0000000008008564                USBD_FS_DeviceDescriptor
 .text.USBD_FS_LangIDStrDescriptor
                0x0000000008008588       0x24 ./USB_DEVICE/App/usbd_desc.o
                0x0000000008008588                USBD_FS_LangIDStrDescriptor
 .text.USBD_FS_ProductStrDescriptor
                0x00000000080085ac       0x3c ./USB_DEVICE/App/usbd_desc.o
                0x00000000080085ac                USBD_FS_ProductStrDescriptor
 .text.USBD_FS_ManufacturerStrDescriptor
                0x00000000080085e8       0x28 ./USB_DEVICE/App/usbd_desc.o
                0x00000000080085e8                USBD_FS_ManufacturerStrDescriptor
 .text.USBD_FS_SerialStrDescriptor
                0x0000000008008610       0x24 ./USB_DEVICE/App/usbd_desc.o
                0x0000000008008610                USBD_FS_SerialStrDescriptor
 .text.USBD_FS_ConfigStrDescriptor
                0x0000000008008634       0x3c ./USB_DEVICE/App/usbd_desc.o
                0x0000000008008634                USBD_FS_ConfigStrDescriptor
 .text.USBD_FS_InterfaceStrDescriptor
                0x0000000008008670       0x3c ./USB_DEVICE/App/usbd_desc.o
                0x0000000008008670                USBD_FS_InterfaceStrDescriptor
 .text.Get_SerialNum
                0x00000000080086ac       0x58 ./USB_DEVICE/App/usbd_desc.o
 .text.IntToUnicode
                0x0000000008008704       0x7e ./USB_DEVICE/App/usbd_desc.o
 *fill*         0x0000000008008782        0x2 
 .text.HAL_PCD_MspInit
                0x0000000008008784       0xa8 ./USB_DEVICE/Target/usbd_conf.o
                0x0000000008008784                HAL_PCD_MspInit
 .text.HAL_PCD_SetupStageCallback
                0x000000000800882c       0x24 ./USB_DEVICE/Target/usbd_conf.o
                0x000000000800882c                HAL_PCD_SetupStageCallback
 .text.HAL_PCD_DataOutStageCallback
                0x0000000008008850       0x36 ./USB_DEVICE/Target/usbd_conf.o
                0x0000000008008850                HAL_PCD_DataOutStageCallback
 .text.HAL_PCD_DataInStageCallback
                0x0000000008008886       0x34 ./USB_DEVICE/Target/usbd_conf.o
                0x0000000008008886                HAL_PCD_DataInStageCallback
 .text.HAL_PCD_SOFCallback
                0x00000000080088ba       0x1c ./USB_DEVICE/Target/usbd_conf.o
                0x00000000080088ba                HAL_PCD_SOFCallback
 .text.HAL_PCD_ResetCallback
                0x00000000080088d6       0x3c ./USB_DEVICE/Target/usbd_conf.o
                0x00000000080088d6                HAL_PCD_ResetCallback
 *fill*         0x0000000008008912        0x2 
 .text.HAL_PCD_SuspendCallback
                0x0000000008008914       0x4c ./USB_DEVICE/Target/usbd_conf.o
                0x0000000008008914                HAL_PCD_SuspendCallback
 .text.HAL_PCD_ResumeCallback
                0x0000000008008960       0x1c ./USB_DEVICE/Target/usbd_conf.o
                0x0000000008008960                HAL_PCD_ResumeCallback
 .text.HAL_PCD_ISOOUTIncompleteCallback
                0x000000000800897c       0x24 ./USB_DEVICE/Target/usbd_conf.o
                0x000000000800897c                HAL_PCD_ISOOUTIncompleteCallback
 .text.HAL_PCD_ISOINIncompleteCallback
                0x00000000080089a0       0x24 ./USB_DEVICE/Target/usbd_conf.o
                0x00000000080089a0                HAL_PCD_ISOINIncompleteCallback
 .text.HAL_PCD_ConnectCallback
                0x00000000080089c4       0x1c ./USB_DEVICE/Target/usbd_conf.o
                0x00000000080089c4                HAL_PCD_ConnectCallback
 .text.HAL_PCD_DisconnectCallback
                0x00000000080089e0       0x1c ./USB_DEVICE/Target/usbd_conf.o
                0x00000000080089e0                HAL_PCD_DisconnectCallback
 .text.USBD_LL_Init
                0x00000000080089fc       0x98 ./USB_DEVICE/Target/usbd_conf.o
                0x00000000080089fc                USBD_LL_Init
 .text.USBD_LL_Start
                0x0000000008008a94       0x36 ./USB_DEVICE/Target/usbd_conf.o
                0x0000000008008a94                USBD_LL_Start
 .text.USBD_LL_OpenEP
                0x0000000008008aca       0x4c ./USB_DEVICE/Target/usbd_conf.o
                0x0000000008008aca                USBD_LL_OpenEP
 .text.USBD_LL_CloseEP
                0x0000000008008b16       0x3e ./USB_DEVICE/Target/usbd_conf.o
                0x0000000008008b16                USBD_LL_CloseEP
 .text.USBD_LL_StallEP
                0x0000000008008b54       0x3e ./USB_DEVICE/Target/usbd_conf.o
                0x0000000008008b54                USBD_LL_StallEP
 .text.USBD_LL_ClearStallEP
                0x0000000008008b92       0x3e ./USB_DEVICE/Target/usbd_conf.o
                0x0000000008008b92                USBD_LL_ClearStallEP
 .text.USBD_LL_IsStallEP
                0x0000000008008bd0       0x58 ./USB_DEVICE/Target/usbd_conf.o
                0x0000000008008bd0                USBD_LL_IsStallEP
 .text.USBD_LL_SetUSBAddress
                0x0000000008008c28       0x3e ./USB_DEVICE/Target/usbd_conf.o
                0x0000000008008c28                USBD_LL_SetUSBAddress
 .text.USBD_LL_Transmit
                0x0000000008008c66       0x42 ./USB_DEVICE/Target/usbd_conf.o
                0x0000000008008c66                USBD_LL_Transmit
 .text.USBD_LL_PrepareReceive
                0x0000000008008ca8       0x42 ./USB_DEVICE/Target/usbd_conf.o
                0x0000000008008ca8                USBD_LL_PrepareReceive
 .text.USBD_LL_GetRxDataSize
                0x0000000008008cea       0x26 ./USB_DEVICE/Target/usbd_conf.o
                0x0000000008008cea                USBD_LL_GetRxDataSize
 .text.USBD_static_malloc
                0x0000000008008d10       0x1c ./USB_DEVICE/Target/usbd_conf.o
                0x0000000008008d10                USBD_static_malloc
 .text.USBD_static_free
                0x0000000008008d2c       0x14 ./USB_DEVICE/Target/usbd_conf.o
                0x0000000008008d2c                USBD_static_free
 .text.USBD_Get_USB_Status
                0x0000000008008d40       0x58 ./USB_DEVICE/Target/usbd_conf.o
                0x0000000008008d40                USBD_Get_USB_Status
 .text.__libc_init_array
                0x0000000008008d98       0x48 c:/st/stm32cubeide_1.12.1/stm32cubeide/plugins/com.st.stm32cube.ide.mcu.externaltools.gnu-tools-for-stm32.10.3-2021.10.win32_1.0.200.202301161003/tools/bin/../lib/gcc/arm-none-eabi/10.3.1/../../../../arm-none-eabi/lib/thumb/v7e-m+fp/hard\libc_nano.a(lib_a-init.o)
                0x0000000008008d98                __libc_init_array
 .text.memset   0x0000000008008de0       0x10 c:/st/stm32cubeide_1.12.1/stm32cubeide/plugins/com.st.stm32cube.ide.mcu.externaltools.gnu-tools-for-stm32.10.3-2021.10.win32_1.0.200.202301161003/tools/bin/../lib/gcc/arm-none-eabi/10.3.1/../../../../arm-none-eabi/lib/thumb/v7e-m+fp/hard\libc_nano.a(lib_a-memset.o)
                0x0000000008008de0                memset
 *(.glue_7)
 .glue_7        0x0000000008008df0        0x0 linker stubs
 *(.glue_7t)
 .glue_7t       0x0000000008008df0        0x0 linker stubs
 *(.eh_frame)
 .eh_frame      0x0000000008008df0        0x0 c:/st/stm32cubeide_1.12.1/stm32cubeide/plugins/com.st.stm32cube.ide.mcu.externaltools.gnu-tools-for-stm32.10.3-2021.10.win32_1.0.200.202301161003/tools/bin/../lib/gcc/arm-none-eabi/10.3.1/thumb/v7e-m+fp/hard/crtbegin.o
 *(.init)
 .init          0x0000000008008df0        0x4 c:/st/stm32cubeide_1.12.1/stm32cubeide/plugins/com.st.stm32cube.ide.mcu.externaltools.gnu-tools-for-stm32.10.3-2021.10.win32_1.0.200.202301161003/tools/bin/../lib/gcc/arm-none-eabi/10.3.1/thumb/v7e-m+fp/hard/crti.o
                0x0000000008008df0                _init
 .init          0x0000000008008df4        0x8 c:/st/stm32cubeide_1.12.1/stm32cubeide/plugins/com.st.stm32cube.ide.mcu.externaltools.gnu-tools-for-stm32.10.3-2021.10.win32_1.0.200.202301161003/tools/bin/../lib/gcc/arm-none-eabi/10.3.1/thumb/v7e-m+fp/hard/crtn.o
 *(.fini)
 .fini          0x0000000008008dfc        0x4 c:/st/stm32cubeide_1.12.1/stm32cubeide/plugins/com.st.stm32cube.ide.mcu.externaltools.gnu-tools-for-stm32.10.3-2021.10.win32_1.0.200.202301161003/tools/bin/../lib/gcc/arm-none-eabi/10.3.1/thumb/v7e-m+fp/hard/crti.o
                0x0000000008008dfc                _fini
 .fini          0x0000000008008e00        0x8 c:/st/stm32cubeide_1.12.1/stm32cubeide/plugins/com.st.stm32cube.ide.mcu.externaltools.gnu-tools-for-stm32.10.3-2021.10.win32_1.0.200.202301161003/tools/bin/../lib/gcc/arm-none-eabi/10.3.1/thumb/v7e-m+fp/hard/crtn.o
                0x0000000008008e08                . = ALIGN (0x4)
                0x0000000008008e08                _etext = .

.vfp11_veneer   0x0000000008008e08        0x0
 .vfp11_veneer  0x0000000008008e08        0x0 linker stubs

.v4_bx          0x0000000008008e08        0x0
 .v4_bx         0x0000000008008e08        0x0 linker stubs

.iplt           0x0000000008008e08        0x0
 .iplt          0x0000000008008e08        0x0 c:/st/stm32cubeide_1.12.1/stm32cubeide/plugins/com.st.stm32cube.ide.mcu.externaltools.gnu-tools-for-stm32.10.3-2021.10.win32_1.0.200.202301161003/tools/bin/../lib/gcc/arm-none-eabi/10.3.1/thumb/v7e-m+fp/hard/crtbegin.o

.rodata         0x0000000008008e08       0x60
                0x0000000008008e08                . = ALIGN (0x4)
 *(.rodata)
 .rodata        0x0000000008008e08       0x46 ./USB_DEVICE/App/usbd_desc.o
 *(.rodata*)
 *fill*         0x0000000008008e4e        0x2 
 .rodata.AHBPrescTable
                0x0000000008008e50       0x10 ./Core/Src/system_stm32f4xx.o
                0x0000000008008e50                AHBPrescTable
 .rodata.APBPrescTable
                0x0000000008008e60        0x8 ./Core/Src/system_stm32f4xx.o
                0x0000000008008e60                APBPrescTable
                0x0000000008008e68                . = ALIGN (0x4)

.ARM.extab      0x0000000008008e68        0x0
                0x0000000008008e68                . = ALIGN (0x4)
 *(.ARM.extab* .gnu.linkonce.armextab.*)
                0x0000000008008e68                . = ALIGN (0x4)

.ARM            0x0000000008008e68        0x8
                0x0000000008008e68                . = ALIGN (0x4)
                0x0000000008008e68                __exidx_start = .
 *(.ARM.exidx*)
 .ARM.exidx     0x0000000008008e68        0x8 c:/st/stm32cubeide_1.12.1/stm32cubeide/plugins/com.st.stm32cube.ide.mcu.externaltools.gnu-tools-for-stm32.10.3-2021.10.win32_1.0.200.202301161003/tools/bin/../lib/gcc/arm-none-eabi/10.3.1/thumb/v7e-m+fp/hard\libgcc.a(_udivmoddi4.o)
                0x0000000008008e70                __exidx_end = .
                0x0000000008008e70                . = ALIGN (0x4)

.rel.dyn        0x0000000008008e70        0x0
 .rel.iplt      0x0000000008008e70        0x0 c:/st/stm32cubeide_1.12.1/stm32cubeide/plugins/com.st.stm32cube.ide.mcu.externaltools.gnu-tools-for-stm32.10.3-2021.10.win32_1.0.200.202301161003/tools/bin/../lib/gcc/arm-none-eabi/10.3.1/thumb/v7e-m+fp/hard/crtbegin.o

.preinit_array  0x0000000008008e70        0x0
                0x0000000008008e70                . = ALIGN (0x4)
                0x0000000008008e70                PROVIDE (__preinit_array_start = .)
 *(.preinit_array*)
                0x0000000008008e70                PROVIDE (__preinit_array_end = .)
                0x0000000008008e70                . = ALIGN (0x4)

.init_array     0x0000000008008e70        0x4
                0x0000000008008e70                . = ALIGN (0x4)
                0x0000000008008e70                PROVIDE (__init_array_start = .)
 *(SORT_BY_NAME(.init_array.*))
 *(.init_array*)
 .init_array    0x0000000008008e70        0x4 c:/st/stm32cubeide_1.12.1/stm32cubeide/plugins/com.st.stm32cube.ide.mcu.externaltools.gnu-tools-for-stm32.10.3-2021.10.win32_1.0.200.202301161003/tools/bin/../lib/gcc/arm-none-eabi/10.3.1/thumb/v7e-m+fp/hard/crtbegin.o
                0x0000000008008e74                PROVIDE (__init_array_end = .)
                0x0000000008008e74                . = ALIGN (0x4)

.fini_array     0x0000000008008e74        0x4
                0x0000000008008e74                . = ALIGN (0x4)
                [!provide]                        PROVIDE (__fini_array_start = .)
 *(SORT_BY_NAME(.fini_array.*))
 *(.fini_array*)
 .fini_array    0x0000000008008e74        0x4 c:/st/stm32cubeide_1.12.1/stm32cubeide/plugins/com.st.stm32cube.ide.mcu.externaltools.gnu-tools-for-stm32.10.3-2021.10.win32_1.0.200.202301161003/tools/bin/../lib/gcc/arm-none-eabi/10.3.1/thumb/v7e-m+fp/hard/crtbegin.o
                [!provide]                        PROVIDE (__fini_array_end = .)
                0x0000000008008e78                . = ALIGN (0x4)
                0x0000000008008e78                _sidata = LOADADDR (.data)

.data           0x0000000020000000       0xfc load address 0x0000000008008e78
                0x0000000020000000                . = ALIGN (0x4)
                0x0000000020000000                _sdata = .
 *(.data)
 *(.data*)
 .data.SystemCoreClock
                0x0000000020000000        0x4 ./Core/Src/system_stm32f4xx.o
                0x0000000020000000                SystemCoreClock
 .data.uwTickPrio
                0x0000000020000004        0x4 ./Drivers/STM32F4xx_HAL_Driver/Src/stm32f4xx_hal.o
                0x0000000020000004                uwTickPrio
 .data.uwTickFreq
                0x0000000020000008        0x1 ./Drivers/STM32F4xx_HAL_Driver/Src/stm32f4xx_hal.o
                0x0000000020000008                uwTickFreq
 *fill*         0x0000000020000009        0x3 
 .data.USBD_CDC_DeviceQualifierDesc
                0x000000002000000c        0xa ./Middlewares/ST/STM32_USB_Device_Library/Class/CDC/Src/usbd_cdc.o
 *fill*         0x0000000020000016        0x2 
 .data.USBD_CDC
                0x0000000020000018       0x38 ./Middlewares/ST/STM32_USB_Device_Library/Class/CDC/Src/usbd_cdc.o
                0x0000000020000018                USBD_CDC
 .data.USBD_CDC_CfgDesc
                0x0000000020000050       0x43 ./Middlewares/ST/STM32_USB_Device_Library/Class/CDC/Src/usbd_cdc.o
 .data.CDCInEpAdd
                0x0000000020000093        0x1 ./Middlewares/ST/STM32_USB_Device_Library/Class/CDC/Src/usbd_cdc.o
 .data.CDCOutEpAdd
                0x0000000020000094        0x1 ./Middlewares/ST/STM32_USB_Device_Library/Class/CDC/Src/usbd_cdc.o
 .data.CDCCmdEpAdd
                0x0000000020000095        0x1 ./Middlewares/ST/STM32_USB_Device_Library/Class/CDC/Src/usbd_cdc.o
 *fill*         0x0000000020000096        0x2 
 .data.USBD_Interface_fops_FS
                0x0000000020000098       0x14 ./USB_DEVICE/App/usbd_cdc_if.o
                0x0000000020000098                USBD_Interface_fops_FS
 .data.FS_Desc  0x00000000200000ac       0x1c ./USB_DEVICE/App/usbd_desc.o
                0x00000000200000ac                FS_Desc
 .data.USBD_FS_DeviceDesc
                0x00000000200000c8       0x12 ./USB_DEVICE/App/usbd_desc.o
                0x00000000200000c8                USBD_FS_DeviceDesc
 *fill*         0x00000000200000da        0x2 
 .data.USBD_LangIDDesc
                0x00000000200000dc        0x4 ./USB_DEVICE/App/usbd_desc.o
                0x00000000200000dc                USBD_LangIDDesc
 .data.USBD_StringSerial
                0x00000000200000e0       0x1a ./USB_DEVICE/App/usbd_desc.o
                0x00000000200000e0                USBD_StringSerial
 *(.RamFunc)
 *(.RamFunc*)
                0x00000000200000fc                . = ALIGN (0x4)
 *fill*         0x00000000200000fa        0x2 
                0x00000000200000fc                _edata = .

.igot.plt       0x00000000200000fc        0x0 load address 0x0000000008008f74
 .igot.plt      0x00000000200000fc        0x0 c:/st/stm32cubeide_1.12.1/stm32cubeide/plugins/com.st.stm32cube.ide.mcu.externaltools.gnu-tools-for-stm32.10.3-2021.10.win32_1.0.200.202301161003/tools/bin/../lib/gcc/arm-none-eabi/10.3.1/thumb/v7e-m+fp/hard/crtbegin.o
                0x00000000200000fc                . = ALIGN (0x4)

.bss            0x00000000200000fc     0x1e74 load address 0x0000000008008f74
                0x00000000200000fc                _sbss = .
                0x00000000200000fc                __bss_start__ = _sbss
 *(.bss)
 .bss           0x00000000200000fc       0x1c c:/st/stm32cubeide_1.12.1/stm32cubeide/plugins/com.st.stm32cube.ide.mcu.externaltools.gnu-tools-for-stm32.10.3-2021.10.win32_1.0.200.202301161003/tools/bin/../lib/gcc/arm-none-eabi/10.3.1/thumb/v7e-m+fp/hard/crtbegin.o
 *(.bss*)
 .bss.hi2c1     0x0000000020000118       0x54 ./Core/Src/main.o
                0x0000000020000118                hi2c1
 .bss.htim1     0x000000002000016c       0x48 ./Core/Src/main.o
                0x000000002000016c                htim1
 .bss.htim2     0x00000000200001b4       0x48 ./Core/Src/main.o
                0x00000000200001b4                htim2
 .bss.htim3     0x00000000200001fc       0x48 ./Core/Src/main.o
                0x00000000200001fc                htim3
 .bss.htim4     0x0000000020000244       0x48 ./Core/Src/main.o
                0x0000000020000244                htim4
 .bss.htim5     0x000000002000028c       0x48 ./Core/Src/main.o
                0x000000002000028c                htim5
 .bss.htim9     0x00000000200002d4       0x48 ./Core/Src/main.o
                0x00000000200002d4                htim9
 .bss.huart1    0x000000002000031c       0x44 ./Core/Src/main.o
                0x000000002000031c                huart1
 .bss.uwTick    0x0000000020000360        0x4 ./Drivers/STM32F4xx_HAL_Driver/Src/stm32f4xx_hal.o
                0x0000000020000360                uwTick
 .bss.cfgidx.0  0x0000000020000364        0x1 ./Middlewares/ST/STM32_USB_Device_Library/Core/Src/usbd_ctlreq.o
 *fill*         0x0000000020000365        0x3 
 .bss.hUsbDeviceFS
                0x0000000020000368      0x2dc ./USB_DEVICE/App/usb_device.o
                0x0000000020000368                hUsbDeviceFS
 .bss.UserRxBufferFS
                0x0000000020000644      0x800 ./USB_DEVICE/App/usbd_cdc_if.o
                0x0000000020000644                UserRxBufferFS
 .bss.UserTxBufferFS
                0x0000000020000e44      0x800 ./USB_DEVICE/App/usbd_cdc_if.o
                0x0000000020000e44                UserTxBufferFS
 .bss.USBD_StrDesc
                0x0000000020001644      0x200 ./USB_DEVICE/App/usbd_desc.o
                0x0000000020001644                USBD_StrDesc
 .bss.hpcd_USB_OTG_FS
                0x0000000020001844      0x50c ./USB_DEVICE/Target/usbd_conf.o
                0x0000000020001844                hpcd_USB_OTG_FS
 .bss.mem.0     0x0000000020001d50      0x220 ./USB_DEVICE/Target/usbd_conf.o
 *(COMMON)
                0x0000000020001f70                . = ALIGN (0x4)
                0x0000000020001f70                _ebss = .
                0x0000000020001f70                __bss_end__ = _ebss

._user_heap_stack
                0x0000000020001f70      0x600 load address 0x0000000008008f74
                0x0000000020001f70                . = ALIGN (0x8)
                [!provide]                        PROVIDE (end = .)
                0x0000000020001f70                PROVIDE (_end = .)
                0x0000000020002170                . = (. + _Min_Heap_Size)
 *fill*         0x0000000020001f70      0x200 
                0x0000000020002570                . = (. + _Min_Stack_Size)
 *fill*         0x0000000020002170      0x400 
                0x0000000020002570                . = ALIGN (0x8)

/DISCARD/
 libc.a(*)
 libm.a(*)
 libgcc.a(*)

.ARM.attributes
                0x0000000000000000       0x30
 *(.ARM.attributes)
 .ARM.attributes
                0x0000000000000000       0x1e c:/st/stm32cubeide_1.12.1/stm32cubeide/plugins/com.st.stm32cube.ide.mcu.externaltools.gnu-tools-for-stm32.10.3-2021.10.win32_1.0.200.202301161003/tools/bin/../lib/gcc/arm-none-eabi/10.3.1/thumb/v7e-m+fp/hard/crti.o
 .ARM.attributes
                0x000000000000001e       0x34 c:/st/stm32cubeide_1.12.1/stm32cubeide/plugins/com.st.stm32cube.ide.mcu.externaltools.gnu-tools-for-stm32.10.3-2021.10.win32_1.0.200.202301161003/tools/bin/../lib/gcc/arm-none-eabi/10.3.1/thumb/v7e-m+fp/hard/crtbegin.o
 .ARM.attributes
                0x0000000000000052       0x34 ./Core/Src/main.o
 .ARM.attributes
                0x0000000000000086       0x34 ./Core/Src/stm32f4xx_hal_msp.o
 .ARM.attributes
                0x00000000000000ba       0x34 ./Core/Src/stm32f4xx_it.o
 .ARM.attributes
                0x00000000000000ee       0x34 ./Core/Src/system_stm32f4xx.o
 .ARM.attributes
                0x0000000000000122       0x21 ./Core/Startup/startup_stm32f411ceux.o
 .ARM.attributes
                0x0000000000000143       0x34 ./Drivers/STM32F4xx_HAL_Driver/Src/stm32f4xx_hal.o
 .ARM.attributes
                0x0000000000000177       0x34 ./Drivers/STM32F4xx_HAL_Driver/Src/stm32f4xx_hal_cortex.o
 .ARM.attributes
                0x00000000000001ab       0x34 ./Drivers/STM32F4xx_HAL_Driver/Src/stm32f4xx_hal_gpio.o
 .ARM.attributes
                0x00000000000001df       0x34 ./Drivers/STM32F4xx_HAL_Driver/Src/stm32f4xx_hal_i2c.o
 .ARM.attributes
                0x0000000000000213       0x34 ./Drivers/STM32F4xx_HAL_Driver/Src/stm32f4xx_hal_pcd.o
 .ARM.attributes
                0x0000000000000247       0x34 ./Drivers/STM32F4xx_HAL_Driver/Src/stm32f4xx_hal_pcd_ex.o
 .ARM.attributes
                0x000000000000027b       0x34 ./Drivers/STM32F4xx_HAL_Driver/Src/stm32f4xx_hal_rcc.o
 .ARM.attributes
                0x00000000000002af       0x34 ./Drivers/STM32F4xx_HAL_Driver/Src/stm32f4xx_hal_tim.o
 .ARM.attributes
                0x00000000000002e3       0x34 ./Drivers/STM32F4xx_HAL_Driver/Src/stm32f4xx_hal_tim_ex.o
 .ARM.attributes
                0x0000000000000317       0x34 ./Drivers/STM32F4xx_HAL_Driver/Src/stm32f4xx_hal_uart.o
 .ARM.attributes
                0x000000000000034b       0x34 ./Drivers/STM32F4xx_HAL_Driver/Src/stm32f4xx_ll_usb.o
 .ARM.attributes
                0x000000000000037f       0x34 ./Middlewares/ST/STM32_USB_Device_Library/Class/CDC/Src/usbd_cdc.o
 .ARM.attributes
                0x00000000000003b3       0x34 ./Middlewares/ST/STM32_USB_Device_Library/Core/Src/usbd_core.o
 .ARM.attributes
                0x00000000000003e7       0x34 ./Middlewares/ST/STM32_USB_Device_Library/Core/Src/usbd_ctlreq.o
 .ARM.attributes
                0x000000000000041b       0x34 ./Middlewares/ST/STM32_USB_Device_Library/Core/Src/usbd_ioreq.o
 .ARM.attributes
                0x000000000000044f       0x34 ./USB_DEVICE/App/usb_device.o
 .ARM.attributes
                0x0000000000000483       0x34 ./USB_DEVICE/App/usbd_cdc_if.o
 .ARM.attributes
                0x00000000000004b7       0x34 ./USB_DEVICE/App/usbd_desc.o
 .ARM.attributes
                0x00000000000004eb       0x34 ./USB_DEVICE/Target/usbd_conf.o
 .ARM.attributes
                0x000000000000051f       0x34 c:/st/stm32cubeide_1.12.1/stm32cubeide/plugins/com.st.stm32cube.ide.mcu.externaltools.gnu-tools-for-stm32.10.3-2021.10.win32_1.0.200.202301161003/tools/bin/../lib/gcc/arm-none-eabi/10.3.1/../../../../arm-none-eabi/lib/thumb/v7e-m+fp/hard\libc_nano.a(lib_a-init.o)
 .ARM.attributes
                0x0000000000000553       0x34 c:/st/stm32cubeide_1.12.1/stm32cubeide/plugins/com.st.stm32cube.ide.mcu.externaltools.gnu-tools-for-stm32.10.3-2021.10.win32_1.0.200.202301161003/tools/bin/../lib/gcc/arm-none-eabi/10.3.1/../../../../arm-none-eabi/lib/thumb/v7e-m+fp/hard\libc_nano.a(lib_a-memset.o)
 .ARM.attributes
                0x0000000000000587       0x1e c:/st/stm32cubeide_1.12.1/stm32cubeide/plugins/com.st.stm32cube.ide.mcu.externaltools.gnu-tools-for-stm32.10.3-2021.10.win32_1.0.200.202301161003/tools/bin/../lib/gcc/arm-none-eabi/10.3.1/thumb/v7e-m+fp/hard\libgcc.a(_aeabi_uldivmod.o)
 .ARM.attributes
                0x00000000000005a5       0x34 c:/st/stm32cubeide_1.12.1/stm32cubeide/plugins/com.st.stm32cube.ide.mcu.externaltools.gnu-tools-for-stm32.10.3-2021.10.win32_1.0.200.202301161003/tools/bin/../lib/gcc/arm-none-eabi/10.3.1/thumb/v7e-m+fp/hard\libgcc.a(_udivmoddi4.o)
 .ARM.attributes
                0x00000000000005d9       0x1e c:/st/stm32cubeide_1.12.1/stm32cubeide/plugins/com.st.stm32cube.ide.mcu.externaltools.gnu-tools-for-stm32.10.3-2021.10.win32_1.0.200.202301161003/tools/bin/../lib/gcc/arm-none-eabi/10.3.1/thumb/v7e-m+fp/hard\libgcc.a(_dvmd_tls.o)
 .ARM.attributes
                0x00000000000005f7       0x1e c:/st/stm32cubeide_1.12.1/stm32cubeide/plugins/com.st.stm32cube.ide.mcu.externaltools.gnu-tools-for-stm32.10.3-2021.10.win32_1.0.200.202301161003/tools/bin/../lib/gcc/arm-none-eabi/10.3.1/thumb/v7e-m+fp/hard/crtn.o
OUTPUT(simrigFW.elf elf32-littlearm)
LOAD linker stubs
LOAD c:/st/stm32cubeide_1.12.1/stm32cubeide/plugins/com.st.stm32cube.ide.mcu.externaltools.gnu-tools-for-stm32.10.3-2021.10.win32_1.0.200.202301161003/tools/bin/../lib/gcc/arm-none-eabi/10.3.1/../../../../arm-none-eabi/lib/thumb/v7e-m+fp/hard\libc.a
LOAD c:/st/stm32cubeide_1.12.1/stm32cubeide/plugins/com.st.stm32cube.ide.mcu.externaltools.gnu-tools-for-stm32.10.3-2021.10.win32_1.0.200.202301161003/tools/bin/../lib/gcc/arm-none-eabi/10.3.1/../../../../arm-none-eabi/lib/thumb/v7e-m+fp/hard\libm.a
LOAD c:/st/stm32cubeide_1.12.1/stm32cubeide/plugins/com.st.stm32cube.ide.mcu.externaltools.gnu-tools-for-stm32.10.3-2021.10.win32_1.0.200.202301161003/tools/bin/../lib/gcc/arm-none-eabi/10.3.1/thumb/v7e-m+fp/hard\libgcc.a

.debug_info     0x0000000000000000    0x195ea
 .debug_info    0x0000000000000000     0x176c ./Core/Src/main.o
 .debug_info    0x000000000000176c     0x1206 ./Core/Src/stm32f4xx_hal_msp.o
 .debug_info    0x0000000000002972      0x650 ./Core/Src/stm32f4xx_it.o
 .debug_info    0x0000000000002fc2      0x54f ./Core/Src/system_stm32f4xx.o
 .debug_info    0x0000000000003511       0x22 ./Core/Startup/startup_stm32f411ceux.o
 .debug_info    0x0000000000003533      0x90d ./Drivers/STM32F4xx_HAL_Driver/Src/stm32f4xx_hal.o
 .debug_info    0x0000000000003e40      0xd8b ./Drivers/STM32F4xx_HAL_Driver/Src/stm32f4xx_hal_cortex.o
 .debug_info    0x0000000000004bcb      0x78e ./Drivers/STM32F4xx_HAL_Driver/Src/stm32f4xx_hal_gpio.o
 .debug_info    0x0000000000005359     0x260f ./Drivers/STM32F4xx_HAL_Driver/Src/stm32f4xx_hal_i2c.o
 .debug_info    0x0000000000007968     0x168d ./Drivers/STM32F4xx_HAL_Driver/Src/stm32f4xx_hal_pcd.o
 .debug_info    0x0000000000008ff5      0x717 ./Drivers/STM32F4xx_HAL_Driver/Src/stm32f4xx_hal_pcd_ex.o
 .debug_info    0x000000000000970c      0x98d ./Drivers/STM32F4xx_HAL_Driver/Src/stm32f4xx_hal_rcc.o
 .debug_info    0x000000000000a099     0x2bb6 ./Drivers/STM32F4xx_HAL_Driver/Src/stm32f4xx_hal_tim.o
 .debug_info    0x000000000000cc4f     0x15d8 ./Drivers/STM32F4xx_HAL_Driver/Src/stm32f4xx_hal_tim_ex.o
 .debug_info    0x000000000000e227     0x31b4 ./Drivers/STM32F4xx_HAL_Driver/Src/stm32f4xx_hal_uart.o
 .debug_info    0x00000000000113db     0x1a97 ./Drivers/STM32F4xx_HAL_Driver/Src/stm32f4xx_ll_usb.o
 .debug_info    0x0000000000012e72     0x130c ./Middlewares/ST/STM32_USB_Device_Library/Class/CDC/Src/usbd_cdc.o
 .debug_info    0x000000000001417e      0xee7 ./Middlewares/ST/STM32_USB_Device_Library/Core/Src/usbd_core.o
 .debug_info    0x0000000000015065      0xb7f ./Middlewares/ST/STM32_USB_Device_Library/Core/Src/usbd_ctlreq.o
 .debug_info    0x0000000000015be4      0x7da ./Middlewares/ST/STM32_USB_Device_Library/Core/Src/usbd_ioreq.o
 .debug_info    0x00000000000163be      0x76a ./USB_DEVICE/App/usb_device.o
 .debug_info    0x0000000000016b28      0x96f ./USB_DEVICE/App/usbd_cdc_if.o
 .debug_info    0x0000000000017497      0x498 ./USB_DEVICE/App/usbd_desc.o
 .debug_info    0x000000000001792f     0x1cbb ./USB_DEVICE/Target/usbd_conf.o

.debug_abbrev   0x0000000000000000     0x3579
 .debug_abbrev  0x0000000000000000      0x2fc ./Core/Src/main.o
 .debug_abbrev  0x00000000000002fc      0x224 ./Core/Src/stm32f4xx_hal_msp.o
 .debug_abbrev  0x0000000000000520      0x199 ./Core/Src/stm32f4xx_it.o
 .debug_abbrev  0x00000000000006b9      0x116 ./Core/Src/system_stm32f4xx.o
 .debug_abbrev  0x00000000000007cf       0x12 ./Core/Startup/startup_stm32f411ceux.o
 .debug_abbrev  0x00000000000007e1      0x23e ./Drivers/STM32F4xx_HAL_Driver/Src/stm32f4xx_hal.o
 .debug_abbrev  0x0000000000000a1f      0x316 ./Drivers/STM32F4xx_HAL_Driver/Src/stm32f4xx_hal_cortex.o
 .debug_abbrev  0x0000000000000d35      0x1c4 ./Drivers/STM32F4xx_HAL_Driver/Src/stm32f4xx_hal_gpio.o
 .debug_abbrev  0x0000000000000ef9      0x2a8 ./Drivers/STM32F4xx_HAL_Driver/Src/stm32f4xx_hal_i2c.o
 .debug_abbrev  0x00000000000011a1      0x2bb ./Drivers/STM32F4xx_HAL_Driver/Src/stm32f4xx_hal_pcd.o
 .debug_abbrev  0x000000000000145c      0x1ce ./Drivers/STM32F4xx_HAL_Driver/Src/stm32f4xx_hal_pcd_ex.o
 .debug_abbrev  0x000000000000162a      0x2aa ./Drivers/STM32F4xx_HAL_Driver/Src/stm32f4xx_hal_rcc.o
 .debug_abbrev  0x00000000000018d4      0x26e ./Drivers/STM32F4xx_HAL_Driver/Src/stm32f4xx_hal_tim.o
 .debug_abbrev  0x0000000000001b42      0x276 ./Drivers/STM32F4xx_HAL_Driver/Src/stm32f4xx_hal_tim_ex.o
 .debug_abbrev  0x0000000000001db8      0x305 ./Drivers/STM32F4xx_HAL_Driver/Src/stm32f4xx_hal_uart.o
 .debug_abbrev  0x00000000000020bd      0x296 ./Drivers/STM32F4xx_HAL_Driver/Src/stm32f4xx_ll_usb.o
 .debug_abbrev  0x0000000000002353      0x2be ./Middlewares/ST/STM32_USB_Device_Library/Class/CDC/Src/usbd_cdc.o
 .debug_abbrev  0x0000000000002611      0x263 ./Middlewares/ST/STM32_USB_Device_Library/Core/Src/usbd_core.o
 .debug_abbrev  0x0000000000002874      0x25c ./Middlewares/ST/STM32_USB_Device_Library/Core/Src/usbd_ctlreq.o
 .debug_abbrev  0x0000000000002ad0      0x18a ./Middlewares/ST/STM32_USB_Device_Library/Core/Src/usbd_ioreq.o
 .debug_abbrev  0x0000000000002c5a      0x18a ./USB_DEVICE/App/usb_device.o
 .debug_abbrev  0x0000000000002de4      0x290 ./USB_DEVICE/App/usbd_cdc_if.o
 .debug_abbrev  0x0000000000003074      0x1da ./USB_DEVICE/App/usbd_desc.o
 .debug_abbrev  0x000000000000324e      0x32b ./USB_DEVICE/Target/usbd_conf.o

.debug_aranges  0x0000000000000000     0x1598
 .debug_aranges
                0x0000000000000000       0x88 ./Core/Src/main.o
 .debug_aranges
                0x0000000000000088       0x58 ./Core/Src/stm32f4xx_hal_msp.o
 .debug_aranges
                0x00000000000000e0       0x68 ./Core/Src/stm32f4xx_it.o
 .debug_aranges
                0x0000000000000148       0x28 ./Core/Src/system_stm32f4xx.o
 .debug_aranges
                0x0000000000000170       0x28 ./Core/Startup/startup_stm32f411ceux.o
 .debug_aranges
                0x0000000000000198       0xf0 ./Drivers/STM32F4xx_HAL_Driver/Src/stm32f4xx_hal.o
 .debug_aranges
                0x0000000000000288      0x118 ./Drivers/STM32F4xx_HAL_Driver/Src/stm32f4xx_hal_cortex.o
 .debug_aranges
                0x00000000000003a0       0x58 ./Drivers/STM32F4xx_HAL_Driver/Src/stm32f4xx_hal_gpio.o
 .debug_aranges
                0x00000000000003f8      0x2a0 ./Drivers/STM32F4xx_HAL_Driver/Src/stm32f4xx_hal_i2c.o
 .debug_aranges
                0x0000000000000698      0x148 ./Drivers/STM32F4xx_HAL_Driver/Src/stm32f4xx_hal_pcd.o
 .debug_aranges
                0x00000000000007e0       0x38 ./Drivers/STM32F4xx_HAL_Driver/Src/stm32f4xx_hal_pcd_ex.o
 .debug_aranges
                0x0000000000000818       0x88 ./Drivers/STM32F4xx_HAL_Driver/Src/stm32f4xx_hal_rcc.o
 .debug_aranges
                0x00000000000008a0      0x3d0 ./Drivers/STM32F4xx_HAL_Driver/Src/stm32f4xx_hal_tim.o
 .debug_aranges
                0x0000000000000c70      0x168 ./Drivers/STM32F4xx_HAL_Driver/Src/stm32f4xx_hal_tim_ex.o
 .debug_aranges
                0x0000000000000dd8      0x200 ./Drivers/STM32F4xx_HAL_Driver/Src/stm32f4xx_hal_uart.o
 .debug_aranges
                0x0000000000000fd8      0x1a0 ./Drivers/STM32F4xx_HAL_Driver/Src/stm32f4xx_ll_usb.o
 .debug_aranges
                0x0000000000001178       0x90 ./Middlewares/ST/STM32_USB_Device_Library/Class/CDC/Src/usbd_cdc.o
 .debug_aranges
                0x0000000000001208       0xd8 ./Middlewares/ST/STM32_USB_Device_Library/Core/Src/usbd_core.o
 .debug_aranges
                0x00000000000012e0       0x90 ./Middlewares/ST/STM32_USB_Device_Library/Core/Src/usbd_ctlreq.o
 .debug_aranges
                0x0000000000001370       0x50 ./Middlewares/ST/STM32_USB_Device_Library/Core/Src/usbd_ioreq.o
 .debug_aranges
                0x00000000000013c0       0x20 ./USB_DEVICE/App/usb_device.o
 .debug_aranges
                0x00000000000013e0       0x48 ./USB_DEVICE/App/usbd_cdc_if.o
 .debug_aranges
                0x0000000000001428       0x60 ./USB_DEVICE/App/usbd_desc.o
 .debug_aranges
                0x0000000000001488      0x110 ./USB_DEVICE/Target/usbd_conf.o

.debug_ranges   0x0000000000000000     0x1468
 .debug_ranges  0x0000000000000000       0x78 ./Core/Src/main.o
 .debug_ranges  0x0000000000000078       0x48 ./Core/Src/stm32f4xx_hal_msp.o
 .debug_ranges  0x00000000000000c0       0x58 ./Core/Src/stm32f4xx_it.o
 .debug_ranges  0x0000000000000118       0x18 ./Core/Src/system_stm32f4xx.o
 .debug_ranges  0x0000000000000130       0x20 ./Core/Startup/startup_stm32f411ceux.o
 .debug_ranges  0x0000000000000150       0xe0 ./Drivers/STM32F4xx_HAL_Driver/Src/stm32f4xx_hal.o
 .debug_ranges  0x0000000000000230      0x108 ./Drivers/STM32F4xx_HAL_Driver/Src/stm32f4xx_hal_cortex.o
 .debug_ranges  0x0000000000000338       0x48 ./Drivers/STM32F4xx_HAL_Driver/Src/stm32f4xx_hal_gpio.o
 .debug_ranges  0x0000000000000380      0x2a8 ./Drivers/STM32F4xx_HAL_Driver/Src/stm32f4xx_hal_i2c.o
 .debug_ranges  0x0000000000000628      0x138 ./Drivers/STM32F4xx_HAL_Driver/Src/stm32f4xx_hal_pcd.o
 .debug_ranges  0x0000000000000760       0x28 ./Drivers/STM32F4xx_HAL_Driver/Src/stm32f4xx_hal_pcd_ex.o
 .debug_ranges  0x0000000000000788       0x78 ./Drivers/STM32F4xx_HAL_Driver/Src/stm32f4xx_hal_rcc.o
 .debug_ranges  0x0000000000000800      0x3c0 ./Drivers/STM32F4xx_HAL_Driver/Src/stm32f4xx_hal_tim.o
 .debug_ranges  0x0000000000000bc0      0x158 ./Drivers/STM32F4xx_HAL_Driver/Src/stm32f4xx_hal_tim_ex.o
 .debug_ranges  0x0000000000000d18      0x220 ./Drivers/STM32F4xx_HAL_Driver/Src/stm32f4xx_hal_uart.o
 .debug_ranges  0x0000000000000f38      0x190 ./Drivers/STM32F4xx_HAL_Driver/Src/stm32f4xx_ll_usb.o
 .debug_ranges  0x00000000000010c8       0x80 ./Middlewares/ST/STM32_USB_Device_Library/Class/CDC/Src/usbd_cdc.o
 .debug_ranges  0x0000000000001148       0xc8 ./Middlewares/ST/STM32_USB_Device_Library/Core/Src/usbd_core.o
 .debug_ranges  0x0000000000001210       0x80 ./Middlewares/ST/STM32_USB_Device_Library/Core/Src/usbd_ctlreq.o
 .debug_ranges  0x0000000000001290       0x40 ./Middlewares/ST/STM32_USB_Device_Library/Core/Src/usbd_ioreq.o
 .debug_ranges  0x00000000000012d0       0x10 ./USB_DEVICE/App/usb_device.o
 .debug_ranges  0x00000000000012e0       0x38 ./USB_DEVICE/App/usbd_cdc_if.o
 .debug_ranges  0x0000000000001318       0x50 ./USB_DEVICE/App/usbd_desc.o
 .debug_ranges  0x0000000000001368      0x100 ./USB_DEVICE/Target/usbd_conf.o

.debug_macro    0x0000000000000000    0x19c5f
 .debug_macro   0x0000000000000000      0x405 ./Core/Src/main.o
 .debug_macro   0x0000000000000405      0xa78 ./Core/Src/main.o
 .debug_macro   0x0000000000000e7d      0x2a7 ./Core/Src/main.o
 .debug_macro   0x0000000000001124       0x2e ./Core/Src/main.o
 .debug_macro   0x0000000000001152       0x28 ./Core/Src/main.o
 .debug_macro   0x000000000000117a       0x22 ./Core/Src/main.o
 .debug_macro   0x000000000000119c       0x8e ./Core/Src/main.o
 .debug_macro   0x000000000000122a       0x51 ./Core/Src/main.o
 .debug_macro   0x000000000000127b      0x103 ./Core/Src/main.o
 .debug_macro   0x000000000000137e       0x6a ./Core/Src/main.o
 .debug_macro   0x00000000000013e8      0x1df ./Core/Src/main.o
 .debug_macro   0x00000000000015c7       0x1c ./Core/Src/main.o
 .debug_macro   0x00000000000015e3       0x22 ./Core/Src/main.o
 .debug_macro   0x0000000000001605       0xd9 ./Core/Src/main.o
 .debug_macro   0x00000000000016de     0x102d ./Core/Src/main.o
 .debug_macro   0x000000000000270b      0x11f ./Core/Src/main.o
 .debug_macro   0x000000000000282a     0xb953 ./Core/Src/main.o
 .debug_macro   0x000000000000e17d       0x6d ./Core/Src/main.o
 .debug_macro   0x000000000000e1ea     0x367e ./Core/Src/main.o
 .debug_macro   0x0000000000011868      0x174 ./Core/Src/main.o
 .debug_macro   0x00000000000119dc       0x5c ./Core/Src/main.o
 .debug_macro   0x0000000000011a38      0x447 ./Core/Src/main.o
 .debug_macro   0x0000000000011e7f      0x9fe ./Core/Src/main.o
 .debug_macro   0x000000000001287d      0x115 ./Core/Src/main.o
 .debug_macro   0x0000000000012992      0x11b ./Core/Src/main.o
 .debug_macro   0x0000000000012aad       0xa5 ./Core/Src/main.o
 .debug_macro   0x0000000000012b52      0x15f ./Core/Src/main.o
 .debug_macro   0x0000000000012cb1      0x287 ./Core/Src/main.o
 .debug_macro   0x0000000000012f38       0x5f ./Core/Src/main.o
 .debug_macro   0x0000000000012f97      0x236 ./Core/Src/main.o
 .debug_macro   0x00000000000131cd      0x132 ./Core/Src/main.o
 .debug_macro   0x00000000000132ff      0x264 ./Core/Src/main.o
 .debug_macro   0x0000000000013563       0x2e ./Core/Src/main.o
 .debug_macro   0x0000000000013591      0x1b5 ./Core/Src/main.o
 .debug_macro   0x0000000000013746       0x22 ./Core/Src/main.o
 .debug_macro   0x0000000000013768       0xd6 ./Core/Src/main.o
 .debug_macro   0x000000000001383e      0x11a ./Core/Src/main.o
 .debug_macro   0x0000000000013958       0x85 ./Core/Src/main.o
 .debug_macro   0x00000000000139dd       0x89 ./Core/Src/main.o
 .debug_macro   0x0000000000013a66      0x8e6 ./Core/Src/main.o
 .debug_macro   0x000000000001434c       0x47 ./Core/Src/main.o
 .debug_macro   0x0000000000014393      0x295 ./Core/Src/main.o
 .debug_macro   0x0000000000014628      0x248 ./Core/Src/main.o
 .debug_macro   0x0000000000014870       0xba ./Core/Src/main.o
 .debug_macro   0x000000000001492a      0x126 ./Core/Src/main.o
 .debug_macro   0x0000000000014a50       0x10 ./Core/Src/main.o
 .debug_macro   0x0000000000014a60       0x52 ./Core/Src/main.o
 .debug_macro   0x0000000000014ab2       0x1e ./Core/Src/main.o
 .debug_macro   0x0000000000014ad0       0x3c ./Core/Src/main.o
 .debug_macro   0x0000000000014b0c       0x34 ./Core/Src/main.o
 .debug_macro   0x0000000000014b40       0x16 ./Core/Src/main.o
 .debug_macro   0x0000000000014b56       0x35 ./Core/Src/main.o
 .debug_macro   0x0000000000014b8b      0x341 ./Core/Src/main.o
 .debug_macro   0x0000000000014ecc       0x10 ./Core/Src/main.o
 .debug_macro   0x0000000000014edc       0x16 ./Core/Src/main.o
 .debug_macro   0x0000000000014ef2       0x43 ./Core/Src/main.o
 .debug_macro   0x0000000000014f35       0x34 ./Core/Src/main.o
 .debug_macro   0x0000000000014f69       0x10 ./Core/Src/main.o
 .debug_macro   0x0000000000014f79       0x58 ./Core/Src/main.o
 .debug_macro   0x0000000000014fd1       0x71 ./Core/Src/main.o
 .debug_macro   0x0000000000015042       0x1c ./Core/Src/main.o
 .debug_macro   0x000000000001505e      0x12a ./Core/Src/main.o
 .debug_macro   0x0000000000015188       0x10 ./Core/Src/main.o
 .debug_macro   0x0000000000015198       0x1c ./Core/Src/main.o
 .debug_macro   0x00000000000151b4       0x52 ./Core/Src/main.o
 .debug_macro   0x0000000000015206       0x22 ./Core/Src/main.o
 .debug_macro   0x0000000000015228       0x10 ./Core/Src/main.o
 .debug_macro   0x0000000000015238       0x52 ./Core/Src/main.o
 .debug_macro   0x000000000001528a       0xd5 ./Core/Src/main.o
 .debug_macro   0x000000000001535f       0x1c ./Core/Src/main.o
 .debug_macro   0x000000000001537b       0x3d ./Core/Src/main.o
 .debug_macro   0x00000000000153b8       0x16 ./Core/Src/main.o
 .debug_macro   0x00000000000153ce      0x145 ./Core/Src/main.o
 .debug_macro   0x0000000000015513       0x16 ./Core/Src/main.o
 .debug_macro   0x0000000000015529       0x16 ./Core/Src/main.o
 .debug_macro   0x000000000001553f       0x29 ./Core/Src/main.o
 .debug_macro   0x0000000000015568       0x16 ./Core/Src/main.o
 .debug_macro   0x000000000001557e       0x20 ./Core/Src/main.o
 .debug_macro   0x000000000001559e       0x65 ./Core/Src/main.o
 .debug_macro   0x0000000000015603      0x20f ./Core/Src/main.o
 .debug_macro   0x0000000000015812      0x21a ./Core/Src/stm32f4xx_hal_msp.o
 .debug_macro   0x0000000000015a2c      0x224 ./Core/Src/stm32f4xx_it.o
 .debug_macro   0x0000000000015c50      0x20b ./Core/Src/system_stm32f4xx.o
 .debug_macro   0x0000000000015e5b      0x26b ./Drivers/STM32F4xx_HAL_Driver/Src/stm32f4xx_hal.o
 .debug_macro   0x00000000000160c6      0x20b ./Drivers/STM32F4xx_HAL_Driver/Src/stm32f4xx_hal_cortex.o
 .debug_macro   0x00000000000162d1      0x211 ./Drivers/STM32F4xx_HAL_Driver/Src/stm32f4xx_hal_gpio.o
 .debug_macro   0x00000000000164e2      0x252 ./Drivers/STM32F4xx_HAL_Driver/Src/stm32f4xx_hal_i2c.o
 .debug_macro   0x0000000000016734      0x217 ./Drivers/STM32F4xx_HAL_Driver/Src/stm32f4xx_hal_pcd.o
 .debug_macro   0x000000000001694b      0x20b ./Drivers/STM32F4xx_HAL_Driver/Src/stm32f4xx_hal_pcd_ex.o
 .debug_macro   0x0000000000016b56      0x22f ./Drivers/STM32F4xx_HAL_Driver/Src/stm32f4xx_hal_rcc.o
 .debug_macro   0x0000000000016d85      0x20c ./Drivers/STM32F4xx_HAL_Driver/Src/stm32f4xx_hal_tim.o
 .debug_macro   0x0000000000016f91      0x20b ./Drivers/STM32F4xx_HAL_Driver/Src/stm32f4xx_hal_tim_ex.o
 .debug_macro   0x000000000001719c      0x20c ./Drivers/STM32F4xx_HAL_Driver/Src/stm32f4xx_hal_uart.o
 .debug_macro   0x00000000000173a8      0x20b ./Drivers/STM32F4xx_HAL_Driver/Src/stm32f4xx_ll_usb.o
 .debug_macro   0x00000000000175b3      0x430 ./Middlewares/ST/STM32_USB_Device_Library/Class/CDC/Src/usbd_cdc.o
 .debug_macro   0x00000000000179e3       0x97 ./Middlewares/ST/STM32_USB_Device_Library/Class/CDC/Src/usbd_cdc.o
 .debug_macro   0x0000000000017a7a       0xfd ./Middlewares/ST/STM32_USB_Device_Library/Class/CDC/Src/usbd_cdc.o
 .debug_macro   0x0000000000017b77       0x56 ./Middlewares/ST/STM32_USB_Device_Library/Class/CDC/Src/usbd_cdc.o
 .debug_macro   0x0000000000017bcd       0x95 ./Middlewares/ST/STM32_USB_Device_Library/Class/CDC/Src/usbd_cdc.o
 .debug_macro   0x0000000000017c62      0x417 ./Middlewares/ST/STM32_USB_Device_Library/Core/Src/usbd_core.o
 .debug_macro   0x0000000000018079      0x215 ./Middlewares/ST/STM32_USB_Device_Library/Core/Src/usbd_core.o
 .debug_macro   0x000000000001828e      0x421 ./Middlewares/ST/STM32_USB_Device_Library/Core/Src/usbd_ctlreq.o
 .debug_macro   0x00000000000186af      0x41d ./Middlewares/ST/STM32_USB_Device_Library/Core/Src/usbd_ioreq.o
 .debug_macro   0x0000000000018acc      0x450 ./USB_DEVICE/App/usb_device.o
 .debug_macro   0x0000000000018f1c       0x16 ./USB_DEVICE/App/usb_device.o
 .debug_macro   0x0000000000018f32       0x22 ./USB_DEVICE/App/usb_device.o
 .debug_macro   0x0000000000018f54       0x16 ./USB_DEVICE/App/usb_device.o
 .debug_macro   0x0000000000018f6a      0x43b ./USB_DEVICE/App/usbd_cdc_if.o
 .debug_macro   0x00000000000193a5       0x10 ./USB_DEVICE/App/usbd_cdc_if.o
 .debug_macro   0x00000000000193b5      0x45a ./USB_DEVICE/App/usbd_desc.o
 .debug_macro   0x000000000001980f       0x1c ./USB_DEVICE/App/usbd_desc.o
 .debug_macro   0x000000000001982b      0x434 ./USB_DEVICE/Target/usbd_conf.o

.debug_line     0x0000000000000000    0x1ae10
 .debug_line    0x0000000000000000      0xe36 ./Core/Src/main.o
 .debug_line    0x0000000000000e36      0x983 ./Core/Src/stm32f4xx_hal_msp.o
 .debug_line    0x00000000000017b9      0x816 ./Core/Src/stm32f4xx_it.o
 .debug_line    0x0000000000001fcf      0x7bd ./Core/Src/system_stm32f4xx.o
 .debug_line    0x000000000000278c       0x88 ./Core/Startup/startup_stm32f411ceux.o
 .debug_line    0x0000000000002814      0xa23 ./Drivers/STM32F4xx_HAL_Driver/Src/stm32f4xx_hal.o
 .debug_line    0x0000000000003237      0xcd2 ./Drivers/STM32F4xx_HAL_Driver/Src/stm32f4xx_hal_cortex.o
 .debug_line    0x0000000000003f09      0xb5b ./Drivers/STM32F4xx_HAL_Driver/Src/stm32f4xx_hal_gpio.o
 .debug_line    0x0000000000004a64     0x39d8 ./Drivers/STM32F4xx_HAL_Driver/Src/stm32f4xx_hal_i2c.o
 .debug_line    0x000000000000843c     0x14c6 ./Drivers/STM32F4xx_HAL_Driver/Src/stm32f4xx_hal_pcd.o
 .debug_line    0x0000000000009902      0x806 ./Drivers/STM32F4xx_HAL_Driver/Src/stm32f4xx_hal_pcd_ex.o
 .debug_line    0x000000000000a108      0xd9d ./Drivers/STM32F4xx_HAL_Driver/Src/stm32f4xx_hal_rcc.o
 .debug_line    0x000000000000aea5     0x34f1 ./Drivers/STM32F4xx_HAL_Driver/Src/stm32f4xx_hal_tim.o
 .debug_line    0x000000000000e396     0x19bb ./Drivers/STM32F4xx_HAL_Driver/Src/stm32f4xx_hal_tim_ex.o
 .debug_line    0x000000000000fd51     0x2ac8 ./Drivers/STM32F4xx_HAL_Driver/Src/stm32f4xx_hal_uart.o
 .debug_line    0x0000000000012819     0x1ae0 ./Drivers/STM32F4xx_HAL_Driver/Src/stm32f4xx_ll_usb.o
 .debug_line    0x00000000000142f9      0xf50 ./Middlewares/ST/STM32_USB_Device_Library/Class/CDC/Src/usbd_cdc.o
 .debug_line    0x0000000000015249      0xfca ./Middlewares/ST/STM32_USB_Device_Library/Core/Src/usbd_core.o
 .debug_line    0x0000000000016213     0x119b ./Middlewares/ST/STM32_USB_Device_Library/Core/Src/usbd_ctlreq.o
 .debug_line    0x00000000000173ae      0xae2 ./Middlewares/ST/STM32_USB_Device_Library/Core/Src/usbd_ioreq.o
 .debug_line    0x0000000000017e90      0xa9e ./USB_DEVICE/App/usb_device.o
 .debug_line    0x000000000001892e      0xb01 ./USB_DEVICE/App/usbd_cdc_if.o
 .debug_line    0x000000000001942f      0xb67 ./USB_DEVICE/App/usbd_desc.o
 .debug_line    0x0000000000019f96      0xe7a ./USB_DEVICE/Target/usbd_conf.o

.debug_str      0x0000000000000000    0x9444a
 .debug_str     0x0000000000000000    0x8eae6 ./Core/Src/main.o
                                      0x8eecf (size before relaxing)
 .debug_str     0x000000000008eae6       0xc8 ./Core/Src/stm32f4xx_hal_msp.o
                                      0x8a130 (size before relaxing)
 .debug_str     0x000000000008ebae      0x443 ./Core/Src/stm32f4xx_it.o
                                      0x89a02 (size before relaxing)
 .debug_str     0x000000000008eff1       0xdb ./Core/Src/system_stm32f4xx.o
                                      0x89700 (size before relaxing)
 .debug_str     0x000000000008f0cc       0x36 ./Core/Startup/startup_stm32f411ceux.o
                                         0x69 (size before relaxing)
 .debug_str     0x000000000008f102      0x9b8 ./Drivers/STM32F4xx_HAL_Driver/Src/stm32f4xx_hal.o
                                      0x8a12c (size before relaxing)
 .debug_str     0x000000000008faba      0x34d ./Drivers/STM32F4xx_HAL_Driver/Src/stm32f4xx_hal_cortex.o
                                      0x89e4d (size before relaxing)
 .debug_str     0x000000000008fe07      0x121 ./Drivers/STM32F4xx_HAL_Driver/Src/stm32f4xx_hal_gpio.o
                                      0x8987b (size before relaxing)
 .debug_str     0x000000000008ff28      0xaed ./Drivers/STM32F4xx_HAL_Driver/Src/stm32f4xx_hal_i2c.o
                                      0x8a6be (size before relaxing)
 .debug_str     0x0000000000090a15      0x832 ./Drivers/STM32F4xx_HAL_Driver/Src/stm32f4xx_hal_pcd.o
                                      0x8a1b0 (size before relaxing)
 .debug_str     0x0000000000091247      0x115 ./Drivers/STM32F4xx_HAL_Driver/Src/stm32f4xx_hal_pcd_ex.o
                                      0x89a9f (size before relaxing)
 .debug_str     0x000000000009135c      0x1ff ./Drivers/STM32F4xx_HAL_Driver/Src/stm32f4xx_hal_rcc.o
                                      0x89b34 (size before relaxing)
 .debug_str     0x000000000009155b      0xd4f ./Drivers/STM32F4xx_HAL_Driver/Src/stm32f4xx_hal_tim.o
                                      0x8aa68 (size before relaxing)
 .debug_str     0x00000000000922aa      0x3e1 ./Drivers/STM32F4xx_HAL_Driver/Src/stm32f4xx_hal_tim_ex.o
                                      0x8a284 (size before relaxing)
 .debug_str     0x000000000009268b      0x5f7 ./Drivers/STM32F4xx_HAL_Driver/Src/stm32f4xx_hal_uart.o
                                      0x8a0c1 (size before relaxing)
 .debug_str     0x0000000000092c82      0x444 ./Drivers/STM32F4xx_HAL_Driver/Src/stm32f4xx_ll_usb.o
                                      0x8a018 (size before relaxing)
 .debug_str     0x00000000000930c6      0xa1e ./Middlewares/ST/STM32_USB_Device_Library/Class/CDC/Src/usbd_cdc.o
                                      0x8ed28 (size before relaxing)
 .debug_str     0x0000000000093ae4      0x35c ./Middlewares/ST/STM32_USB_Device_Library/Core/Src/usbd_core.o
                                      0x8e69e (size before relaxing)
 .debug_str     0x0000000000093e40      0x139 ./Middlewares/ST/STM32_USB_Device_Library/Core/Src/usbd_ctlreq.o
                                      0x8e4c9 (size before relaxing)
 .debug_str     0x0000000000093f79       0x51 ./Middlewares/ST/STM32_USB_Device_Library/Core/Src/usbd_ioreq.o
                                      0x8e39e (size before relaxing)
 .debug_str     0x0000000000093fca      0x105 ./USB_DEVICE/App/usb_device.o
                                      0x8e751 (size before relaxing)
 .debug_str     0x00000000000940cf       0x9a ./USB_DEVICE/App/usbd_cdc_if.o
                                      0x8e791 (size before relaxing)
 .debug_str     0x0000000000094169      0x26e ./USB_DEVICE/App/usbd_desc.o
                                      0x8e29e (size before relaxing)
 .debug_str     0x00000000000943d7       0x73 ./USB_DEVICE/Target/usbd_conf.o
                                      0x8f430 (size before relaxing)

.comment        0x0000000000000000       0x50
 .comment       0x0000000000000000       0x50 ./Core/Src/main.o
                                         0x51 (size before relaxing)
 .comment       0x0000000000000050       0x51 ./Core/Src/stm32f4xx_hal_msp.o
 .comment       0x0000000000000050       0x51 ./Core/Src/stm32f4xx_it.o
 .comment       0x0000000000000050       0x51 ./Core/Src/system_stm32f4xx.o