../Core/Src/main.c:76:6:LED_RGB_Init	8	static
../Core/Src/main.c:82:7:LED_RGB_SetIntensity	16	static
../Core/Src/main.c:93:5:main	16	static
../Core/Src/main.c:154:6:SystemClock_Config	88	static
../Core/Src/main.c:200:13:MX_I2C1_Init	8	static
../Core/Src/main.c:234:13:MX_TIM1_Init	96	static
../Core/Src/main.c:309:13:MX_TIM2_Init	64	static
../Core/Src/main.c:368:13:MX_TIM3_Init	64	static
../Core/Src/main.c:427:13:MX_TIM4_Init	64	static
../Core/Src/main.c:486:13:MX_TIM5_Init	64	static
../Core/Src/main.c:545:13:MX_TIM9_Init	56	static
../Core/Src/main.c:597:13:MX_USART1_UART_Init	8	static
../Core/Src/main.c:630:13:MX_GPIO_Init	40	static
../Core/Src/main.c:663:6:Error_Handler	4	static,ignoring_inline_asm
