../Drivers/CMSIS/Include/core_cm4.h:2064:26:ITM_SendChar	16	static,ignoring_inline_asm
../Core/Src/main.c:80:5:_write	32	static
../Core/Src/main.c:89:6:LED_RGB_Init	8	static
../Core/Src/main.c:95:7:LED_RGB_SetIntensity	16	static
../Core/Src/main.c:112:5:main	56	static
../Core/Src/main.c:184:6:SystemClock_Config	88	static
../Core/Src/main.c:230:13:MX_I2C1_Init	8	static
../Core/Src/main.c:264:13:MX_TIM1_Init	96	static
../Core/Src/main.c:339:13:MX_TIM2_Init	64	static
../Core/Src/main.c:398:13:MX_TIM3_Init	64	static
../Core/Src/main.c:457:13:MX_TIM4_Init	64	static
../Core/Src/main.c:516:13:MX_TIM5_Init	64	static
../Core/Src/main.c:575:13:MX_TIM9_Init	56	static
../Core/Src/main.c:627:13:MX_USART1_UART_Init	8	static
../Core/Src/main.c:660:13:MX_GPIO_Init	40	static
../Core/Src/main.c:696:6:HAL_GPIO_EXTI_Callback	24	static,ignoring_inline_asm
../Core/Src/main.c:709:6:Error_Handler	4	static,ignoring_inline_asm
